###############################################################################
#
# IAR ELF Linker V2.20.1.176 for STM8                     17/Jan/2018  15:00:38
# Copyright 2010-2015 IAR Systems AB.
#
#    Output file  =  
#        E:\魔豆资料\智能消防\智能消防闷盖\程序\IAP\STM8API\Project\Debug\Exe\STM8API.out
#    Map file     =  
#        E:\魔豆资料\智能消防\智能消防闷盖\程序\IAP\STM8API\Project\Debug\List\STM8API.map
#    Command line =  
#        E:\魔豆资料\智能消防\智能消防闷盖\程序\IAP\STM8API\Project\Debug\Obj\ADC.o
#        E:\魔豆资料\智能消防\智能消防闷盖\程序\IAP\STM8API\Project\Debug\Obj\api.o
#        E:\魔豆资料\智能消防\智能消防闷盖\程序\IAP\STM8API\Project\Debug\Obj\BasicFunc.o
#        E:\魔豆资料\智能消防\智能消防闷盖\程序\IAP\STM8API\Project\Debug\Obj\c_IIC_Soft.o
#        E:\魔豆资料\智能消防\智能消防闷盖\程序\IAP\STM8API\Project\Debug\Obj\cdma.o
#        E:\魔豆资料\智能消防\智能消防闷盖\程序\IAP\STM8API\Project\Debug\Obj\Cover.o
#        E:\魔豆资料\智能消防\智能消防闷盖\程序\IAP\STM8API\Project\Debug\Obj\data.o
#        E:\魔豆资料\智能消防\智能消防闷盖\程序\IAP\STM8API\Project\Debug\Obj\Delay.o
#        E:\魔豆资料\智能消防\智能消防闷盖\程序\IAP\STM8API\Project\Debug\Obj\DownLoad.o
#        E:\魔豆资料\智能消防\智能消防闷盖\程序\IAP\STM8API\Project\Debug\Obj\DownLoad_Pro.o
#        E:\魔豆资料\智能消防\智能消防闷盖\程序\IAP\STM8API\Project\Debug\Obj\EEprom.o
#        E:\魔豆资料\智能消防\智能消防闷盖\程序\IAP\STM8API\Project\Debug\Obj\exitinterrupt.o
#        E:\魔豆资料\智能消防\智能消防闷盖\程序\IAP\STM8API\Project\Debug\Obj\Flash.o
#        E:\魔豆资料\智能消防\智能消防闷盖\程序\IAP\STM8API\Project\Debug\Obj\FLASH_Queue.o
#        E:\魔豆资料\智能消防\智能消防闷盖\程序\IAP\STM8API\Project\Debug\Obj\g510.o
#        E:\魔豆资料\智能消防\智能消防闷盖\程序\IAP\STM8API\Project\Debug\Obj\GpioMap.o
#        E:\魔豆资料\智能消防\智能消防闷盖\程序\IAP\STM8API\Project\Debug\Obj\hardwareSTM8L_SPI.o
#        E:\魔豆资料\智能消防\智能消防闷盖\程序\IAP\STM8API\Project\Debug\Obj\IAP.o
#        E:\魔豆资料\智能消防\智能消防闷盖\程序\IAP\STM8API\Project\Debug\Obj\iap_updata.o
#        E:\魔豆资料\智能消防\智能消防闷盖\程序\IAP\STM8API\Project\Debug\Obj\iic_eep.o
#        E:\魔豆资料\智能消防\智能消防闷盖\程序\IAP\STM8API\Project\Debug\Obj\Interval.o
#        E:\魔豆资料\智能消防\智能消防闷盖\程序\IAP\STM8API\Project\Debug\Obj\LED.o
#        E:\魔豆资料\智能消防\智能消防闷盖\程序\IAP\STM8API\Project\Debug\Obj\lowpower.o
#        E:\魔豆资料\智能消防\智能消防闷盖\程序\IAP\STM8API\Project\Debug\Obj\lowpower_spi.o
#        E:\魔豆资料\智能消防\智能消防闷盖\程序\IAP\STM8API\Project\Debug\Obj\lowpower_uart.o
#        E:\魔豆资料\智能消防\智能消防闷盖\程序\IAP\STM8API\Project\Debug\Obj\LowPrcisionTime.o
#        E:\魔豆资料\智能消防\智能消防闷盖\程序\IAP\STM8API\Project\Debug\Obj\main.o
#        E:\魔豆资料\智能消防\智能消防闷盖\程序\IAP\STM8API\Project\Debug\Obj\nblot.o
#        E:\魔豆资料\智能消防\智能消防闷盖\程序\IAP\STM8API\Project\Debug\Obj\NewInactAngle.o
#        E:\魔豆资料\智能消防\智能消防闷盖\程序\IAP\STM8API\Project\Debug\Obj\PostProDa.o
#        E:\魔豆资料\智能消防\智能消防闷盖\程序\IAP\STM8API\Project\Debug\Obj\Pressure.o
#        E:\魔豆资料\智能消防\智能消防闷盖\程序\IAP\STM8API\Project\Debug\Obj\PressureSys.o
#        E:\魔豆资料\智能消防\智能消防闷盖\程序\IAP\STM8API\Project\Debug\Obj\Protocol.o
#        E:\魔豆资料\智能消防\智能消防闷盖\程序\IAP\STM8API\Project\Debug\Obj\Protocol_send.o
#        E:\魔豆资料\智能消防\智能消防闷盖\程序\IAP\STM8API\Project\Debug\Obj\Protocol_wcdma.o
#        E:\魔豆资料\智能消防\智能消防闷盖\程序\IAP\STM8API\Project\Debug\Obj\ProtocolRecCallBack.o
#        E:\魔豆资料\智能消防\智能消防闷盖\程序\IAP\STM8API\Project\Debug\Obj\Public.o
#        E:\魔豆资料\智能消防\智能消防闷盖\程序\IAP\STM8API\Project\Debug\Obj\qwl_net.o
#        E:\魔豆资料\智能消防\智能消防闷盖\程序\IAP\STM8API\Project\Debug\Obj\Radar_And_Ultrasonic.o
#        E:\魔豆资料\智能消防\智能消防闷盖\程序\IAP\STM8API\Project\Debug\Obj\rtc.o
#        E:\魔豆资料\智能消防\智能消防闷盖\程序\IAP\STM8API\Project\Debug\Obj\RTC_SD3078.o
#        E:\魔豆资料\智能消防\智能消防闷盖\程序\IAP\STM8API\Project\Debug\Obj\SA_Protocol.o
#        E:\魔豆资料\智能消防\智能消防闷盖\程序\IAP\STM8API\Project\Debug\Obj\stm8l15x_adc.o
#        E:\魔豆资料\智能消防\智能消防闷盖\程序\IAP\STM8API\Project\Debug\Obj\stm8l15x_clk.o
#        E:\魔豆资料\智能消防\智能消防闷盖\程序\IAP\STM8API\Project\Debug\Obj\stm8l15x_dma.o
#        E:\魔豆资料\智能消防\智能消防闷盖\程序\IAP\STM8API\Project\Debug\Obj\stm8l15x_exti.o
#        E:\魔豆资料\智能消防\智能消防闷盖\程序\IAP\STM8API\Project\Debug\Obj\stm8l15x_flash.o
#        E:\魔豆资料\智能消防\智能消防闷盖\程序\IAP\STM8API\Project\Debug\Obj\stm8l15x_gpio.o
#        E:\魔豆资料\智能消防\智能消防闷盖\程序\IAP\STM8API\Project\Debug\Obj\stm8l15x_it.o
#        E:\魔豆资料\智能消防\智能消防闷盖\程序\IAP\STM8API\Project\Debug\Obj\stm8l15x_itc.o
#        E:\魔豆资料\智能消防\智能消防闷盖\程序\IAP\STM8API\Project\Debug\Obj\stm8l15x_iwdg.o
#        E:\魔豆资料\智能消防\智能消防闷盖\程序\IAP\STM8API\Project\Debug\Obj\stm8l15x_rst.o
#        E:\魔豆资料\智能消防\智能消防闷盖\程序\IAP\STM8API\Project\Debug\Obj\stm8l15x_rtc.o
#        E:\魔豆资料\智能消防\智能消防闷盖\程序\IAP\STM8API\Project\Debug\Obj\stm8l15x_spi.o
#        E:\魔豆资料\智能消防\智能消防闷盖\程序\IAP\STM8API\Project\Debug\Obj\stm8l15x_syscfg.o
#        E:\魔豆资料\智能消防\智能消防闷盖\程序\IAP\STM8API\Project\Debug\Obj\stm8l15x_tim4.o
#        E:\魔豆资料\智能消防\智能消防闷盖\程序\IAP\STM8API\Project\Debug\Obj\stm8l15x_usart.o
#        E:\魔豆资料\智能消防\智能消防闷盖\程序\IAP\STM8API\Project\Debug\Obj\sys.o
#        E:\魔豆资料\智能消防\智能消防闷盖\程序\IAP\STM8API\Project\Debug\Obj\tick.o
#        E:\魔豆资料\智能消防\智能消防闷盖\程序\IAP\STM8API\Project\Debug\Obj\TimeOfAlarm.o
#        E:\魔豆资料\智能消防\智能消防闷盖\程序\IAP\STM8API\Project\Debug\Obj\TimeOfAlarmPressure.o
#        E:\魔豆资料\智能消防\智能消防闷盖\程序\IAP\STM8API\Project\Debug\Obj\Timer.o
#        E:\魔豆资料\智能消防\智能消防闷盖\程序\IAP\STM8API\Project\Debug\Obj\Uploading_Pro.o
#        E:\魔豆资料\智能消防\智能消防闷盖\程序\IAP\STM8API\Project\Debug\Obj\USART.o
#        E:\魔豆资料\智能消防\智能消防闷盖\程序\IAP\STM8API\Project\Debug\Obj\W25QXX.o
#        E:\魔豆资料\智能消防\智能消防闷盖\程序\IAP\STM8API\Project\Debug\Obj\watchdog.o
#        E:\魔豆资料\智能消防\智能消防闷盖\程序\IAP\STM8API\Project\Debug\Obj\xiaofang.o
#        --redirect _Printf=_PrintfFullNoMb --redirect _Scanf=_ScanfFullNoMb -o
#        E:\魔豆资料\智能消防\智能消防闷盖\程序\IAP\STM8API\Project\Debug\Exe\STM8API.out
#        --map
#        E:\魔豆资料\智能消防\智能消防闷盖\程序\IAP\STM8API\Project\Debug\List\STM8API.map
#        --config
#        E:\魔豆资料\智能消防\智能消防闷盖\程序\IAP\STM8API\Project\..\Project\lnkstm8l052r8.icf
#        --config_def _CSTACK_SIZE=0x240 --config_def _HEAP_SIZE=0x110 --entry
#        __iar_program_start --debug_lib
#
###############################################################################

*******************************************************************************
*** RUNTIME MODEL ATTRIBUTES
***

__Heap_Handler             = Basic
__SystemLibrary            = DLib
__code_model               = medium_or_large
__core                     = stm8
__data_model               = medium
__dlib_file_descriptor     = 0
__dlib_full_locale_support = 0
__rt_version               = 4


*******************************************************************************
*** PLACEMENT SUMMARY
***

"A1":  place at start of [0x000000-0x0000ff] { rw section .vregs };
"A2":  place at end of [0x000000-0x000fff] { block CSTACK };
"P2":  place in [from 0x000000 to 0x000fff] {
          block HEAP, rw section .far.bss, rw section .far.data,
          rw section .far.noinit, rw section .far_func.textrw,
          rw section .huge.bss, rw section .huge.data, rw section .huge.noinit,
          rw section .huge_func.textrw, rw section .iar.dynexit,
          rw section .near.bss, rw section .near.data, rw section .near.noinit,
          rw section .near_func.textrw };
"A3":  place at start of [0x00a000-0x00ffff] { block INTVEC };
"P3":  place in [from 0x00a000 to 0x00ffff] {
          ro section .far.data_init, ro section .far_func.textrw_init,
          ro section .huge.data_init, ro section .huge_func.textrw_init,
          ro section .iar.init_table, ro section .init_array,
          ro section .near.data_init, ro section .near.rodata,
          ro section .near_func.text, ro section .near_func.textrw_init,
          ro section .tiny.data_init, ro section .tiny.rodata_init };
"P4":  place in [from 0x00a000 to 0x017fff] {
          ro section .far.rodata, ro section .far_func.text };
"P5":  place in [from 0x00a000 to 0x017fff] {
          ro section .huge.rodata, ro section .huge_func.text };

  Section            Kind      Address    Size  Object
  -------            ----      -------    ----  ------
"A1":                                     0x10
  .vregs             uninit   0x000000    0x10  vregs.o [4]
                            - 0x000010    0x10

"P2", part 1 of 4:                       0x1a9
  P2-1                        0x000010   0x1a9  <Init block>
    .near.data       inited   0x000010     0x1  data.o [1]
    .near.data       inited   0x000011     0x9  g510.o [1]
    .near.data       inited   0x00001a    0x10  g510.o [1]
    .near.data       inited   0x00002a     0xd  g510.o [1]
    .near.data       inited   0x000037    0x15  g510.o [1]
    .near.data       inited   0x00004c     0xe  g510.o [1]
    .near.data       inited   0x00005a     0x8  g510.o [1]
    .near.data       inited   0x000062    0x14  g510.o [1]
    .near.data       inited   0x000076    0x16  nblot.o [1]
    .near.data       inited   0x00008c     0x9  nblot.o [1]
    .near.data       inited   0x000095     0xa  nblot.o [1]
    .near.data       inited   0x00009f     0x9  nblot.o [1]
    .near.data       inited   0x0000a8    0x25  SA_Protocol.o [1]
    .near.data       inited   0x0000cd    0x16  SA_Protocol.o [1]
    .near.data       inited   0x0000e3     0xa  sys.o [1]
    .near.data       inited   0x0000ed    0x6f  sys.o [1]
    .near.data       inited   0x00015c    0x33  USART.o [1]
    .near.data       inited   0x00018f     0x9  USART.o [1]
    .near.data       inited   0x000198     0xc  xiaofang.o [1]
    .near.data       inited   0x0001a4     0xc  xiaofang.o [1]
    .near.data       inited   0x0001b0     0x2  cppinit.o [4]
    .near.data       inited   0x0001b2     0x2  setlocale.o [4]
    .near.data       inited   0x0001b4     0x2  setlocale.o [4]
    .near.data       inited   0x0001b6     0x3  xisdst.o [4]
                            - 0x0001b9   0x1a9

"P2", part 2 of 4:                       0x110
  HEAP                        0x0001b9   0x110  <Block>
    HEAP             uninit   0x0001b9   0x110  <Block tail>
                            - 0x0002c9   0x110

"P2", part 3 of 4:                        0xe7
  .iar.dynexit                0x0002c9    0xe7  <Block>
    .iar.dynexit     uninit   0x0002c9     0x7  cppinit.o [4]
    .iar.dynexit     uninit   0x0002d0    0xe0  <Block tail>
                            - 0x0003b0    0xe7

"P2", part 4 of 4:                       0x998
  .near.bss          zero     0x0003b0   0x320  Protocol_wcdma.o [1]
  .near.bss          zero     0x0006d0   0x226  Protocol_wcdma.o [1]
  .near.bss          zero     0x0008f6   0x19a  lowpower_uart.o [1]
  .near.bss          zero     0x000a90    0xc8  qwl_net.o [1]
  .near.bss          zero     0x000b58    0x4a  IAP.o [1]
  .near.bss          zero     0x000ba2    0x46  Protocol.o [1]
  .near.bss          zero     0x000be8    0x20  FLASH_Queue.o [1]
  .near.bss          zero     0x000c08    0x16  xttotm.o [4]
  .near.bss          zero     0x000c1e    0x14  cdma.o [1]
  .near.bss          zero     0x000c32    0x14  Protocol_wcdma.o [1]
  .near.bss          zero     0x000c46    0x13  Protocol_send.o [1]
  .near.bss          zero     0x000c59     0xf  NewInactAngle.o [1]
  .near.bss          zero     0x000c68     0xf  USART.o [1]
  .near.bss          zero     0x000c77     0xc  FLASH_Queue.o [1]
  .near.bss          zero     0x000c83     0xc  FLASH_Queue.o [1]
  .near.bss          zero     0x000c8f     0xa  iap_updata.o [1]
  .near.bss          zero     0x000c99     0xa  USART.o [1]
  .near.bss          zero     0x000ca3     0x9  TimeOfAlarm.o [1]
  .near.bss          zero     0x000cac     0x9  Uploading_Pro.o [1]
  .near.bss          zero     0x000cb5     0x8  Pressure.o [1]
  .near.bss          zero     0x000cbd     0x7  xiaofang.o [1]
  .near.bss          zero     0x000cc4     0x7  xiaofang.o [1]
  .near.bss          zero     0x000ccb     0x6  nblot.o [1]
  .near.bss          zero     0x000cd1     0x6  sys.o [1]
  .near.bss          zero     0x000cd7     0x5  nblot.o [1]
  .near.bss          zero     0x000cdc     0x5  qwl_net.o [1]
  .near.bss          zero     0x000ce1     0x4  nblot.o [1]
  .near.bss          zero     0x000ce5     0x4  Public.o [1]
  .near.bss          zero     0x000ce9     0x4  SA_Protocol.o [1]
  .near.bss          zero     0x000ced     0x4  xxmemxmalloc.o [4]
  .near.bss          zero     0x000cf1     0x4  localtim.o [4]
  .near.bss          zero     0x000cf5     0x3  localtim.o [4]
  .near.bss          zero     0x000cf8     0x3  localtim.o [4]
  .near.bss          zero     0x000cfb     0x3  setlocale.o [4]
  .near.bss          zero     0x000cfe     0x3  setlocale.o [4]
  .near.bss          zero     0x000d01     0x3  xttotm.o [4]
  .near.bss          zero     0x000d04     0x3  xisdst.o [4]
  .near.bss          zero     0x000d07     0x2  Cover.o [1]
  .near.bss          zero     0x000d09     0x2  Cover.o [1]
  .near.bss          zero     0x000d0b     0x2  LowPrcisionTime.o [1]
  .near.bss          zero     0x000d0d     0x2  LowPrcisionTime.o [1]
  .near.bss          zero     0x000d0f     0x2  Protocol_wcdma.o [1]
  .near.bss          zero     0x000d11     0x2  qwl_net.o [1]
  .near.bss          zero     0x000d13     0x2  Radar_And_Ultrasonic.o [1]
  .near.bss          zero     0x000d15     0x2  sys.o [1]
  .near.bss          zero     0x000d17     0x2  sys.o [1]
  .near.bss          zero     0x000d19     0x2  sys.o [1]
  .near.bss          zero     0x000d1b     0x2  sys.o [1]
  .near.bss          zero     0x000d1d     0x2  sys.o [1]
  .near.bss          zero     0x000d1f     0x2  Uploading_Pro.o [1]
  .near.bss          zero     0x000d21     0x2  localtim.o [4]
  .near.bss          zero     0x000d23     0x2  errno.o [4]
  .near.bss          zero     0x000d25     0x2  xgetmemchunk.o [4]
  .near.bss          zero     0x000d27     0x2  xisdst.o [4]
  .near.bss          zero     0x000d29     0x2  xisdst.o [4]
  .near.bss          zero     0x000d2b     0x1  cdma.o [1]
  .near.bss          zero     0x000d2c     0x1  cdma.o [1]
  .near.bss          zero     0x000d2d     0x1  Cover.o [1]
  .near.bss          zero     0x000d2e     0x1  data.o [1]
  .near.bss          zero     0x000d2f     0x1  DownLoad_Pro.o [1]
  .near.bss          zero     0x000d30     0x1  DownLoad_Pro.o [1]
  .near.bss          zero     0x000d31     0x1  g510.o [1]
  .near.bss          zero     0x000d32     0x1  nblot.o [1]
  .near.bss          zero     0x000d33     0x1  nblot.o [1]
  .near.bss          zero     0x000d34     0x1  nblot.o [1]
  .near.bss          zero     0x000d35     0x1  nblot.o [1]
  .near.bss          zero     0x000d36     0x1  nblot.o [1]
  .near.bss          zero     0x000d37     0x1  nblot.o [1]
  .near.bss          zero     0x000d38     0x1  nblot.o [1]
  .near.bss          zero     0x000d39     0x1  PostProDa.o [1]
  .near.bss          zero     0x000d3a     0x1  Protocol.o [1]
  .near.bss          zero     0x000d3b     0x1  Public.o [1]
  .near.bss          zero     0x000d3c     0x1  Public.o [1]
  .near.bss          zero     0x000d3d     0x1  qwl_net.o [1]
  .near.bss          zero     0x000d3e     0x1  qwl_net.o [1]
  .near.bss          zero     0x000d3f     0x1  qwl_net.o [1]
  .near.bss          zero     0x000d40     0x1  qwl_net.o [1]
  .near.bss          zero     0x000d41     0x1  qwl_net.o [1]
  .near.bss          zero     0x000d42     0x1  Radar_And_Ultrasonic.o [1]
  .near.bss          zero     0x000d43     0x1  stm8l15x_it.o [1]
  .near.bss          zero     0x000d44     0x1  sys.o [1]
  .near.bss          zero     0x000d45     0x1  sys.o [1]
  .near.bss          zero     0x000d46     0x1  sys.o [1]
  .near.bss          zero     0x000d47     0x1  xisdst.o [4]
                            - 0x000d48   0x998

"A2":                                    0x240
  CSTACK                      0x000dc0   0x240  <Block>
    CSTACK           uninit   0x000dc0   0x240  <Block tail>
                            - 0x001000   0x240

"A3":                                     0x80
  INTVEC                      0x00a000    0x80  <Block>
    .intvec          const    0x00a000    0x80  interrupt.o [4]
                            - 0x00a080    0x80

"P3":                                   0x1815
  Initializer bytes  const    0x00a080   0x1a9  <for P2-1>
  .near.rodata       const    0x00a229   0x12c  Protocol.o [1]
  .near.rodata       const    0x00a355    0x6f  sys.o [1]
  .near.rodata       const    0x00a3c4    0x50  Protocol.o [1]
  .near.rodata       const    0x00a414    0x34  sys.o [1]
  .near.rodata       const    0x00a448    0x30  Protocol.o [1]
  .near.rodata       const    0x00a478    0x30  sys.o [1]
  .near.rodata       const    0x00a4a8    0x2f  sys.o [1]
  .near.rodata       const    0x00a4d7    0x2d  Cover.o [1]
  .near.rodata       const    0x00a504    0x2d  sys.o [1]
  .near.rodata       const    0x00a531    0x2a  sys.o [1]
  .near.rodata       const    0x00a55b    0x29  SA_Protocol.o [1]
  .near.rodata       const    0x00a584    0x29  stm8l15x_it.o [1]
  .near.rodata       const    0x00a5ad    0x26  SA_Protocol.o [1]
  .near.rodata       const    0x00a5d3    0x25  sys.o [1]
  .near.rodata       const    0x00a5f8    0x25  xstoul.o [4]
  .near.rodata       const    0x00a61d    0x25  xstoul.o [4]
  .near.rodata       const    0x00a642    0x24  SA_Protocol.o [1]
  .near.rodata       const    0x00a666    0x23  sys.o [1]
  .near.rodata       const    0x00a689    0x23  sys.o [1]
  .near.rodata       const    0x00a6ac    0x22  sys.o [1]
  .iar.init_table    const    0x00a6ce    0x14  - Linker created -
  .near.rodata       const    0x00a6e2    0x20  SA_Protocol.o [1]
  .near.rodata       const    0x00a702    0x20  sys.o [1]
  .near.rodata       const    0x00a722    0x20  xatan.o [4]
  .near.rodata       const    0x00a742    0x1f  sys.o [1]
  .near.rodata       const    0x00a761    0x1e  lowpower_spi.o [1]
  .near.rodata       const    0x00a77f    0x1e  SA_Protocol.o [1]
  .near.rodata       const    0x00a79d    0x1e  SA_Protocol.o [1]
  .near.rodata       const    0x00a7bb    0x1e  sys.o [1]
  .near.rodata       const    0x00a7d9    0x1e  sys.o [1]
  .near.rodata       const    0x00a7f7    0x1e  sys.o [1]
  .near.rodata       const    0x00a815    0x1c  nblot.o [1]
  .near.rodata       const    0x00a831    0x1c  SA_Protocol.o [1]
  .near.rodata       const    0x00a84d    0x1c  sys.o [1]
  .near.rodata       const    0x00a869    0x1c  sys.o [1]
  .near.rodata       const    0x00a885    0x1b  SA_Protocol.o [1]
  .near.rodata       const    0x00a8a0    0x1a  main.o [1]
  .near.rodata       const    0x00a8ba    0x19  sys.o [1]
  .near.rodata       const    0x00a8d3    0x19  sys.o [1]
  .near.rodata       const    0x00a8ec    0x18  Public.o [1]
  .near.rodata       const    0x00a904    0x18  qwl_net.o [1]
  .near.rodata       const    0x00a91c    0x18  SA_Protocol.o [1]
  .near.rodata       const    0x00a934    0x18  sys.o [1]
  .near.rodata       const    0x00a94c    0x18  sys.o [1]
  .near.rodata       const    0x00a964    0x18  sys.o [1]
  .near.rodata       const    0x00a97c    0x18  xttotm.o [4]
  .near.rodata       const    0x00a994    0x18  xttotm.o [4]
  .near.rodata       const    0x00a9ac    0x17  NewInactAngle.o [1]
  .near.rodata       const    0x00a9c3    0x17  NewInactAngle.o [1]
  .near.rodata       const    0x00a9da    0x17  Protocol_send.o [1]
  .near.rodata       const    0x00a9f1    0x17  SA_Protocol.o [1]
  .near.rodata       const    0x00aa08    0x17  Uploading_Pro.o [1]
  .near.rodata       const    0x00aa1f    0x16  sys.o [1]
  .near.rodata       const    0x00aa35    0x16  sys.o [1]
  .near.rodata       const    0x00aa4b    0x15  lowpower_spi.o [1]
  .near.rodata       const    0x00aa60    0x15  nblot.o [1]
  .near.rodata       const    0x00aa75    0x15  Public.o [1]
  .near.rodata       const    0x00aa8a    0x15  sys.o [1]
  .near.rodata       const    0x00aa9f    0x14  cdma.o [1]
  .near.rodata       const    0x00aab3    0x14  cdma.o [1]
  .near.rodata       const    0x00aac7    0x14  cdma.o [1]
  .near.rodata       const    0x00aadb    0x14  g510.o [1]
  .near.rodata       const    0x00aaef    0x14  g510.o [1]
  .near.rodata       const    0x00ab03    0x14  sys.o [1]
  .near.rodata       const    0x00ab17    0x13  cdma.o [1]
  .near.rodata       const    0x00ab2a    0x13  Cover.o [1]
  .near.rodata       const    0x00ab3d    0x13  FLASH_Queue.o [1]
  .near.rodata       const    0x00ab50    0x13  Protocol_send.o [1]
  .near.rodata       const    0x00ab63    0x13  Protocol_send.o [1]
  .near.rodata       const    0x00ab76    0x13  Public.o [1]
  .near.rodata       const    0x00ab89    0x13  rtc.o [1]
  .near.rodata       const    0x00ab9c    0x13  sys.o [1]
  .near.rodata       const    0x00abaf    0x12  Cover.o [1]
  .near.rodata       const    0x00abc1    0x12  nblot.o [1]
  .near.rodata       const    0x00abd3    0x12  NewInactAngle.o [1]
  .near.rodata       const    0x00abe5    0x12  SA_Protocol.o [1]
  .near.rodata       const    0x00abf7    0x11  cdma.o [1]
  .near.rodata       const    0x00ac08    0x11  Cover.o [1]
  .near.rodata       const    0x00ac19    0x11  g510.o [1]
  .near.rodata       const    0x00ac2a    0x11  g510.o [1]
  .near.rodata       const    0x00ac3b    0x11  g510.o [1]
  .near.rodata       const    0x00ac4c    0x11  g510.o [1]
  .near.rodata       const    0x00ac5d    0x11  g510.o [1]
  .near.rodata       const    0x00ac6e    0x11  g510.o [1]
  .near.rodata       const    0x00ac7f    0x11  g510.o [1]
  .near.rodata       const    0x00ac90    0x11  g510.o [1]
  .near.rodata       const    0x00aca1    0x11  nblot.o [1]
  .near.rodata       const    0x00acb2    0x11  nblot.o [1]
  .near.rodata       const    0x00acc3    0x11  nblot.o [1]
  .near.rodata       const    0x00acd4    0x11  nblot.o [1]
  .near.rodata       const    0x00ace5    0x11  NewInactAngle.o [1]
  .near.rodata       const    0x00acf6    0x11  NewInactAngle.o [1]
  .near.rodata       const    0x00ad07    0x11  NewInactAngle.o [1]
  .near.rodata       const    0x00ad18    0x11  NewInactAngle.o [1]
  .near.rodata       const    0x00ad29    0x11  NewInactAngle.o [1]
  .near.rodata       const    0x00ad3a    0x11  PostProDa.o [1]
  .near.rodata       const    0x00ad4b    0x11  Protocol_send.o [1]
  .near.rodata       const    0x00ad5c    0x11  Public.o [1]
  .near.rodata       const    0x00ad6d    0x11  Public.o [1]
  .near.rodata       const    0x00ad7e    0x11  Public.o [1]
  .near.rodata       const    0x00ad8f    0x11  Public.o [1]
  .near.rodata       const    0x00ada0    0x11  Public.o [1]
  .near.rodata       const    0x00adb1    0x11  Public.o [1]
  .near.rodata       const    0x00adc2    0x11  Public.o [1]
  .near.rodata       const    0x00add3    0x11  Public.o [1]
  .near.rodata       const    0x00ade4    0x11  Public.o [1]
  .near.rodata       const    0x00adf5    0x11  stm8l15x_it.o [1]
  .near.rodata       const    0x00ae06    0x11  Uploading_Pro.o [1]
  .near.rodata       const    0x00ae17    0x10  cdma.o [1]
  .near.rodata       const    0x00ae27    0x10  Cover.o [1]
  .near.rodata       const    0x00ae37    0x10  g510.o [1]
  .near.rodata       const    0x00ae47    0x10  g510.o [1]
  .near.rodata       const    0x00ae57    0x10  lowpower_spi.o [1]
  .near.rodata       const    0x00ae67    0x10  main.o [1]
  .near.rodata       const    0x00ae77    0x10  main.o [1]
  .near.rodata       const    0x00ae87    0x10  nblot.o [1]
  .near.rodata       const    0x00ae97    0x10  Public.o [1]
  .near.rodata       const    0x00aea7    0x10  SA_Protocol.o [1]
  .near.rodata       const    0x00aeb7    0x10  stm8l15x_it.o [1]
  .near.rodata       const    0x00aec7    0x10  sys.o [1]
  .near.rodata       const    0x00aed7    0x10  sys.o [1]
  .near.rodata       const    0x00aee7    0x10  W25QXX.o [1]
  .near.rodata       const    0x00aef7     0xf  cdma.o [1]
  .near.rodata       const    0x00af06     0xf  Cover.o [1]
  .near.rodata       const    0x00af15     0xf  Cover.o [1]
  .near.rodata       const    0x00af24     0xf  Cover.o [1]
  .near.rodata       const    0x00af33     0xf  Cover.o [1]
  .near.rodata       const    0x00af42     0xf  main.o [1]
  .near.rodata       const    0x00af51     0xf  nblot.o [1]
  .near.rodata       const    0x00af60     0xf  nblot.o [1]
  .near.rodata       const    0x00af6f     0xf  nblot.o [1]
  .near.rodata       const    0x00af7e     0xf  nblot.o [1]
  .near.rodata       const    0x00af8d     0xf  PostProDa.o [1]
  .near.rodata       const    0x00af9c     0xf  Public.o [1]
  .near.rodata       const    0x00afab     0xf  Public.o [1]
  .near.rodata       const    0x00afba     0xf  qwl_net.o [1]
  .near.rodata       const    0x00afc9     0xf  SA_Protocol.o [1]
  .near.rodata       const    0x00afd8     0xe  cdma.o [1]
  .near.rodata       const    0x00afe6     0xe  cdma.o [1]
  .near.rodata       const    0x00aff4     0xe  cdma.o [1]
  .near.rodata       const    0x00b002     0xe  cdma.o [1]
  .near.rodata       const    0x00b010     0xe  Cover.o [1]
  .near.rodata       const    0x00b01e     0xe  Cover.o [1]
  .near.rodata       const    0x00b02c     0xe  g510.o [1]
  .near.rodata       const    0x00b03a     0xe  g510.o [1]
  .near.rodata       const    0x00b048     0xe  g510.o [1]
  .near.rodata       const    0x00b056     0xe  iap_updata.o [1]
  .near.rodata       const    0x00b064     0xe  nblot.o [1]
  .near.rodata       const    0x00b072     0xe  nblot.o [1]
  .near.rodata       const    0x00b080     0xe  nblot.o [1]
  .near.rodata       const    0x00b08e     0xe  nblot.o [1]
  .near.rodata       const    0x00b09c     0xe  nblot.o [1]
  .near.rodata       const    0x00b0aa     0xe  nblot.o [1]
  .near.rodata       const    0x00b0b8     0xe  nblot.o [1]
  .near.rodata       const    0x00b0c6     0xe  nblot.o [1]
  .near.rodata       const    0x00b0d4     0xd  cdma.o [1]
  .near.rodata       const    0x00b0e1     0xd  cdma.o [1]
  .near.rodata       const    0x00b0ee     0xd  cdma.o [1]
  .near.rodata       const    0x00b0fb     0xd  cdma.o [1]
  .near.rodata       const    0x00b108     0xd  cdma.o [1]
  .near.rodata       const    0x00b115     0xd  cdma.o [1]
  .near.rodata       const    0x00b122     0xd  cdma.o [1]
  .near.rodata       const    0x00b12f     0xd  cdma.o [1]
  .near.rodata       const    0x00b13c     0xd  cdma.o [1]
  .near.rodata       const    0x00b149     0xd  cdma.o [1]
  .near.rodata       const    0x00b156     0xd  cdma.o [1]
  .near.rodata       const    0x00b163     0xd  cdma.o [1]
  .near.rodata       const    0x00b170     0xd  Cover.o [1]
  .near.rodata       const    0x00b17d     0xd  Cover.o [1]
  .near.rodata       const    0x00b18a     0xd  Cover.o [1]
  .near.rodata       const    0x00b197     0xd  Cover.o [1]
  .near.rodata       const    0x00b1a4     0xd  Cover.o [1]
  .near.rodata       const    0x00b1b1     0xd  g510.o [1]
  .near.rodata       const    0x00b1be     0xd  g510.o [1]
  .near.rodata       const    0x00b1cb     0xd  g510.o [1]
  .near.rodata       const    0x00b1d8     0xd  g510.o [1]
  .near.rodata       const    0x00b1e5     0xd  g510.o [1]
  .near.rodata       const    0x00b1f2     0xd  g510.o [1]
  .near.rodata       const    0x00b1ff     0xd  g510.o [1]
  .near.rodata       const    0x00b20c     0xd  g510.o [1]
  .near.rodata       const    0x00b219     0xd  g510.o [1]
  .near.rodata       const    0x00b226     0xd  g510.o [1]
  .near.rodata       const    0x00b233     0xd  g510.o [1]
  .near.rodata       const    0x00b240     0xd  g510.o [1]
  .near.rodata       const    0x00b24d     0xd  g510.o [1]
  .near.rodata       const    0x00b25a     0xd  g510.o [1]
  .near.rodata       const    0x00b267     0xd  lowpower_spi.o [1]
  .near.rodata       const    0x00b274     0xd  lowpower_spi.o [1]
  .near.rodata       const    0x00b281     0xd  main.o [1]
  .near.rodata       const    0x00b28e     0xd  nblot.o [1]
  .near.rodata       const    0x00b29b     0xd  nblot.o [1]
  .near.rodata       const    0x00b2a8     0xd  nblot.o [1]
  .near.rodata       const    0x00b2b5     0xd  nblot.o [1]
  .near.rodata       const    0x00b2c2     0xd  nblot.o [1]
  .near.rodata       const    0x00b2cf     0xd  nblot.o [1]
  .near.rodata       const    0x00b2dc     0xd  nblot.o [1]
  .near.rodata       const    0x00b2e9     0xd  nblot.o [1]
  .near.rodata       const    0x00b2f6     0xd  PostProDa.o [1]
  .near.rodata       const    0x00b303     0xd  Protocol_send.o [1]
  .near.rodata       const    0x00b310     0xd  Public.o [1]
  .near.rodata       const    0x00b31d     0xd  Public.o [1]
  .near.rodata       const    0x00b32a     0xd  Public.o [1]
  .near.rodata       const    0x00b337     0xd  Public.o [1]
  .near.rodata       const    0x00b344     0xd  Public.o [1]
  .near.rodata       const    0x00b351     0xd  Public.o [1]
  .near.rodata       const    0x00b35e     0xd  Public.o [1]
  .near.rodata       const    0x00b36b     0xd  Public.o [1]
  .near.rodata       const    0x00b378     0xd  Public.o [1]
  .near.rodata       const    0x00b385     0xd  qwl_net.o [1]
  .near.rodata       const    0x00b392     0xd  SA_Protocol.o [1]
  .near.rodata       const    0x00b39f     0xd  Uploading_Pro.o [1]
  .near.rodata       const    0x00b3ac     0xd  Uploading_Pro.o [1]
  .near.rodata       const    0x00b3b9     0xd  Uploading_Pro.o [1]
  .near.rodata       const    0x00b3c6     0xd  Uploading_Pro.o [1]
  .near.rodata       const    0x00b3d3     0xd  W25QXX.o [1]
  .near.rodata       const    0x00b3e0     0xc  cdma.o [1]
  .near.rodata       const    0x00b3ec     0xc  cdma.o [1]
  .near.rodata       const    0x00b3f8     0xc  cdma.o [1]
  .near.rodata       const    0x00b404     0xc  cdma.o [1]
  .near.rodata       const    0x00b410     0xc  g510.o [1]
  .near.rodata       const    0x00b41c     0xc  g510.o [1]
  .near.rodata       const    0x00b428     0xc  g510.o [1]
  .near.rodata       const    0x00b434     0xc  g510.o [1]
  .near.rodata       const    0x00b440     0xc  nblot.o [1]
  .near.rodata       const    0x00b44c     0xc  nblot.o [1]
  .near.rodata       const    0x00b458     0xc  nblot.o [1]
  .near.rodata       const    0x00b464     0xc  Public.o [1]
  .near.rodata       const    0x00b470     0xc  qwl_net.o [1]
  .near.rodata       const    0x00b47c     0xc  qwl_net.o [1]
  .near.rodata       const    0x00b488     0xc  qwl_net.o [1]
  .near.rodata       const    0x00b494     0xc  sys.o [1]
  .near.rodata       const    0x00b4a0     0xb  g510.o [1]
  .near.rodata       const    0x00b4ab     0xb  nblot.o [1]
  .near.rodata       const    0x00b4b6     0xb  nblot.o [1]
  .near.rodata       const    0x00b4c1     0xb  nblot.o [1]
  .near.rodata       const    0x00b4cc     0xb  nblot.o [1]
  .near.rodata       const    0x00b4d7     0xb  nblot.o [1]
  .near.rodata       const    0x00b4e2     0xb  nblot.o [1]
  .near.rodata       const    0x00b4ed     0xb  Public.o [1]
  .near.rodata       const    0x00b4f8     0xb  qwl_net.o [1]
  .near.rodata       const    0x00b503     0xb  Uploading_Pro.o [1]
  .near.rodata       const    0x00b50e     0xb  Uploading_Pro.o [1]
  .near.rodata       const    0x00b519     0xa  cdma.o [1]
  .near.rodata       const    0x00b523     0xa  cdma.o [1]
  .near.rodata       const    0x00b52d     0xa  cdma.o [1]
  .near.rodata       const    0x00b537     0xa  FLASH_Queue.o [1]
  .near.rodata       const    0x00b541     0xa  g510.o [1]
  .near.rodata       const    0x00b54b     0xa  g510.o [1]
  .near.rodata       const    0x00b555     0xa  g510.o [1]
  .near.rodata       const    0x00b55f     0xa  g510.o [1]
  .near.rodata       const    0x00b569     0xa  g510.o [1]
  .near.rodata       const    0x00b573     0xa  g510.o [1]
  .near.rodata       const    0x00b57d     0xa  nblot.o [1]
  .near.rodata       const    0x00b587     0xa  nblot.o [1]
  .near.rodata       const    0x00b591     0xa  Public.o [1]
  .near.rodata       const    0x00b59b     0xa  Public.o [1]
  .near.rodata       const    0x00b5a5     0xa  qwl_net.o [1]
  .near.rodata       const    0x00b5af     0xa  SA_Protocol.o [1]
  .near.rodata       const    0x00b5b9     0xa  SA_Protocol.o [1]
  .near.rodata       const    0x00b5c3     0xa  SA_Protocol.o [1]
  .near.rodata       const    0x00b5cd     0x9  cdma.o [1]
  .near.rodata       const    0x00b5d6     0x9  cdma.o [1]
  .near.rodata       const    0x00b5df     0x9  cdma.o [1]
  .near.rodata       const    0x00b5e8     0x9  cdma.o [1]
  .near.rodata       const    0x00b5f1     0x9  cdma.o [1]
  .near.rodata       const    0x00b5fa     0x9  Cover.o [1]
  .near.rodata       const    0x00b603     0x9  Cover.o [1]
  .near.rodata       const    0x00b60c     0x9  DownLoad_Pro.o [1]
  .near.rodata       const    0x00b615     0x9  g510.o [1]
  .near.rodata       const    0x00b61e     0x9  g510.o [1]
  .near.rodata       const    0x00b627     0x9  g510.o [1]
  .near.rodata       const    0x00b630     0x9  g510.o [1]
  .near.rodata       const    0x00b639     0x9  iap_updata.o [1]
  .near.rodata       const    0x00b642     0x9  iap_updata.o [1]
  .near.rodata       const    0x00b64b     0x9  main.o [1]
  .near.rodata       const    0x00b654     0x9  nblot.o [1]
  .near.rodata       const    0x00b65d     0x9  nblot.o [1]
  .near.rodata       const    0x00b666     0x9  nblot.o [1]
  .near.rodata       const    0x00b66f     0x9  nblot.o [1]
  .near.rodata       const    0x00b678     0x9  nblot.o [1]
  .near.rodata       const    0x00b681     0x9  nblot.o [1]
  .near.rodata       const    0x00b68a     0x9  nblot.o [1]
  .near.rodata       const    0x00b693     0x9  nblot.o [1]
  .near.rodata       const    0x00b69c     0x9  nblot.o [1]
  .near.rodata       const    0x00b6a5     0x9  nblot.o [1]
  .near.rodata       const    0x00b6ae     0x9  nblot.o [1]
  .near.rodata       const    0x00b6b7     0x9  Public.o [1]
  .near.rodata       const    0x00b6c0     0x9  SA_Protocol.o [1]
  .near.rodata       const    0x00b6c9     0x9  SA_Protocol.o [1]
  .near.rodata       const    0x00b6d2     0x9  sys.o [1]
  .near.rodata       const    0x00b6db     0x9  Uploading_Pro.o [1]
  .near.rodata       const    0x00b6e4     0x9  Uploading_Pro.o [1]
  .near.rodata       const    0x00b6ed     0x9  Uploading_Pro.o [1]
  .near.rodata       const    0x00b6f6     0x8  cdma.o [1]
  .near.rodata       const    0x00b6fe     0x8  g510.o [1]
  .near.rodata       const    0x00b706     0x8  iap_updata.o [1]
  .near.rodata       const    0x00b70e     0x8  iap_updata.o [1]
  .near.rodata       const    0x00b716     0x8  main.o [1]
  .near.rodata       const    0x00b71e     0x8  nblot.o [1]
  .near.rodata       const    0x00b726     0x8  nblot.o [1]
  .near.rodata       const    0x00b72e     0x8  nblot.o [1]
  .near.rodata       const    0x00b736     0x8  nblot.o [1]
  .near.rodata       const    0x00b73e     0x8  Protocol.o [1]
  .near.rodata       const    0x00b746     0x8  Public.o [1]
  .near.rodata       const    0x00b74e     0x8  qwl_net.o [1]
  .near.rodata       const    0x00b756     0x8  stm8l15x_it.o [1]
  .near.rodata       const    0x00b75e     0x8  stm8l15x_it.o [1]
  .near.rodata       const    0x00b766     0x7  cdma.o [1]
  .near.rodata       const    0x00b76d     0x7  cdma.o [1]
  .near.rodata       const    0x00b774     0x7  cdma.o [1]
  .near.rodata       const    0x00b77b     0x7  cdma.o [1]
  .near.rodata       const    0x00b782     0x7  cdma.o [1]
  .near.rodata       const    0x00b789     0x7  g510.o [1]
  .near.rodata       const    0x00b790     0x7  g510.o [1]
  .near.rodata       const    0x00b797     0x7  nblot.o [1]
  .near.rodata       const    0x00b79e     0x7  nblot.o [1]
  .near.rodata       const    0x00b7a5     0x7  Public.o [1]
  .near.rodata       const    0x00b7ac     0x7  Public.o [1]
  .near.rodata       const    0x00b7b3     0x7  Public.o [1]
  .near.rodata       const    0x00b7ba     0x7  qwl_net.o [1]
  .near.rodata       const    0x00b7c1     0x7  qwl_net.o [1]
  .near.rodata       const    0x00b7c8     0x7  stm8l15x_it.o [1]
  .near.rodata       const    0x00b7cf     0x7  sys.o [1]
  .near.rodata       const    0x00b7d6     0x7  sys.o [1]
  .near.rodata       const    0x00b7dd     0x6  cdma.o [1]
  .near.rodata       const    0x00b7e3     0x6  cdma.o [1]
  .near.rodata       const    0x00b7e9     0x6  Cover.o [1]
  .near.rodata       const    0x00b7ef     0x6  Cover.o [1]
  .near.rodata       const    0x00b7f5     0x6  g510.o [1]
  .near.rodata       const    0x00b7fb     0x6  g510.o [1]
  .near.rodata       const    0x00b801     0x6  iap_updata.o [1]
  .near.rodata       const    0x00b807     0x6  main.o [1]
  .near.rodata       const    0x00b80d     0x6  nblot.o [1]
  .near.rodata       const    0x00b813     0x6  nblot.o [1]
  .near.rodata       const    0x00b819     0x6  Public.o [1]
  .near.rodata       const    0x00b81f     0x6  stm8l15x_it.o [1]
  .near.rodata       const    0x00b825     0x5  cdma.o [1]
  .near.rodata       const    0x00b82a     0x5  nblot.o [1]
  .near.rodata       const    0x00b82f     0x5  nblot.o [1]
  .near.rodata       const    0x00b834     0x5  Public.o [1]
  .near.rodata       const    0x00b839     0x5  Public.o [1]
  .near.rodata       const    0x00b83e     0x5  Public.o [1]
  .near.rodata       const    0x00b843     0x5  qwl_net.o [1]
  .near.rodata       const    0x00b848     0x5  stm8l15x_clk.o [1]
  .near.rodata       const    0x00b84d     0x4  nblot.o [1]
  .near.rodata       const    0x00b851     0x4  Protocol.o [1]
  .near.rodata       const    0x00b855     0x4  qwl_net.o [1]
  .near.rodata       const    0x00b859     0x4  SA_Protocol.o [1]
  .near.rodata       const    0x00b85d     0x4  SA_Protocol.o [1]
  .near.rodata       const    0x00b861     0x4  sys.o [1]
  .near.rodata       const    0x00b865     0x4  xiaofang.o [1]
  .near.rodata       const    0x00b869     0x3  cdma.o [1]
  .near.rodata       const    0x00b86c     0x3  g510.o [1]
  .near.rodata       const    0x00b86f     0x3  nblot.o [1]
  .near.rodata       const    0x00b872     0x3  qwl_net.o [1]
  .near.rodata       const    0x00b875     0x3  qwl_net.o [1]
  .near.rodata       const    0x00b878     0x2  cdma.o [1]
  .near.rodata       const    0x00b87a     0x2  EEprom.o [1]
  .near.rodata       const    0x00b87c     0x2  EEprom.o [1]
  .near.rodata       const    0x00b87e     0x2  g510.o [1]
  .near.rodata       const    0x00b880     0x2  nblot.o [1]
  .near.rodata       const    0x00b882     0x2  SA_Protocol.o [1]
  .near.rodata       const    0x00b884     0x2  SA_Protocol.o [1]
  .near.rodata       const    0x00b886     0x2  stm8l15x_it.o [1]
  .near.rodata       const    0x00b888     0x2  sys.o [1]
  .near.rodata       const    0x00b88a     0x2  sys.o [1]
  .near.rodata       const    0x00b88c     0x2  xiaofang.o [1]
  .near.rodata       const    0x00b88e     0x2  getzone.o [4]
  .near.rodata       const    0x00b890     0x1  FLASH_Queue.o [1]
  .near.rodata       const    0x00b891     0x1  PostProDa.o [1]
  .near.rodata       const    0x00b892     0x1  SA_Protocol.o [1]
  .near.rodata       const    0x00b893     0x1  sys.o [1]
  .near.rodata       const    0x00b894     0x1  setlocale.o [4]
                            - 0x00b895  0x1815

"P4":                                   0x1d3f
  .far_func.text     ro code  0x00b895   0x462  float.o [4]
  .far_func.text     ro code  0x00bcf7   0x23d  long.o [4]
  .far_func.text     ro code  0x00bf34   0x21c  vreg_util.o [4]
  .far_func.text     ro code  0x00c150   0x1e0  xstoul.o [4]
  .far_func.text     ro code  0x00c330   0x1dc  xisdst.o [4]
  .far_func.text     ro code  0x00c50c   0x199  xttotm.o [4]
  .far_func.text     ro code  0x00c6a5   0x182  float_libsup.o [4]
  .far_func.text     ro code  0x00c827   0x15d  xgetdst.o [4]
  .far_func.text     ro code  0x00c984   0x10d  sqrt.o [4]
  .far_func.text     ro code  0x00ca91   0x101  xatan.o [4]
  .far_func.text     ro code  0x00cb92    0xee  localtim.o [4]
  .far_func.text     ro code  0x00cc80    0xdd  xxmemxfree.o [4]
  .far_func.text     ro code  0x00cd5d    0xd0  xstol.o [4]
  .far_func.text     ro code  0x00ce2d    0xa5  atan.o [4]
  .far_func.text     ro code  0x00ced2    0x98  xxmemxmalloc.o [4]
  .far_func.text     ro code  0x00cf6a    0x80  short.o [4]
  .far_func.text     ro code  0x00cfea    0x7c  long_util.o [4]
  .far_func.text     ro code  0x00d066    0x76  far_util.o [4]
  .far_func.text     ro code  0x00d0dc    0x70  xxmemxmalloc.o [4]
  .far_func.text     ro code  0x00d14c    0x6c  xgettime.o [4]
  .far_func.text     ro code  0x00d1b8    0x6a  cppinit.o [4]
  .far_func.text     ro code  0x00d222    0x58  dc_util.o [4]
  .far_func.text     ro code  0x00d27a    0x4c  xgetdst.o [4]
  .far_func.text     ro code  0x00d2c6    0x45  xttotm.o [4]
  .far_func.text     ro code  0x00d30b    0x43  cppinit.o [4]
  .far_func.text     ro code  0x00d34e    0x3e  char.o [4]
  .far_func.text     ro code  0x00d38c    0x37  move.o [4]
  .far_func.text     ro code  0x00d3c3    0x28  init_small.o [4]
  .far_func.text     ro code  0x00d3eb    0x26  memcpy.o [4]
  .far_func.text     ro code  0x00d411    0x1e  init.o [4]
  .far_func.text     ro code  0x00d42f    0x1e  init_small.o [4]
  .far_func.text     ro code  0x00d44d    0x1d  localtim.o [4]
  .far_func.text     ro code  0x00d46a    0x1c  xisdst.o [4]
  .far_func.text     ro code  0x00d486    0x19  strrchr.o [4]
  .far_func.text     ro code  0x00d49f    0x19  xgetmemchunk.o [4]
  .far_func.text     ro code  0x00d4b8    0x18  memchr.o [4]
  .far_func.text     ro code  0x00d4d0    0x17  cstartup.o [4]
  .far_func.text     ro code  0x00d4e7    0x17  memset.o [4]
  .far_func.text     ro code  0x00d4fe    0x16  __dbg_xxexit.o [3]
  .far_func.text     ro code  0x00d514    0x15  strchr.o [4]
  .far_func.text     ro code  0x00d529    0x12  strlen.o [4]
  .far_func.text     ro code  0x00d53b    0x10  isdigit.o [4]
  .far_func.text     ro code  0x00d54b     0xc  xttotm.o [4]
  .far_func.text     ro code  0x00d557     0xc  xgetdst.o [4]
  .far_func.text     ro code  0x00d563     0xb  abs.o [4]
  .far_func.text     ro code  0x00d56e     0xa  far.o [4]
  .far_func.text     ro code  0x00d578     0xa  localtim.o [4]
  .far_func.text     ro code  0x00d582     0xa  cexit.o [4]
  .far_func.text     ro code  0x00d58c     0xa  xisdst.o [4]
  .far_func.text     ro code  0x00d596     0x9  xgetdst.o [4]
  .far_func.text     ro code  0x00d59f     0x8  xxmemxmalloc.o [4]
  .far_func.text     ro code  0x00d5a7     0x8  localtim.o [4]
  .far_func.text     ro code  0x00d5af     0x8  xisdst.o [4]
  .far_func.text     ro code  0x00d5b7     0x7  xisdst.o [4]
  .far_func.text     ro code  0x00d5be     0x7  atexit.o [4]
  .far_func.text     ro code  0x00d5c5     0x4  exit.o [4]
  .far_func.text     ro code  0x00d5c9     0x4  getzone.o [4]
  .far_func.text     ro code  0x00d5cd     0x3  low_level_init.o [4]
  .far_func.text     ro code  0x00d5d0     0x3  unhandled_exception.o [4]
  .far_func.text     ro code  0x00d5d3     0x1  __dbg_break.o [3]
                            - 0x00d5d4  0x1d3f

"P5":                                   0x8e71
  .huge_func.text    ro code  0x00d5d4   0x7ee  g510.o [1]
  .huge_func.text    ro code  0x00ddc2   0x7ce  lowpower_spi.o [1]
  .huge_func.text    ro code  0x00e590   0x4b6  Protocol.o [1]
  .huge_func.text    ro code  0x00ea46   0x41d  W25QXX.o [1]
  .huge_func.text    ro code  0x00ee63   0x3a4  nblot.o [1]
  .huge_func.text    ro code  0x00f207   0x387  SA_Protocol.o [1]
  .huge_func.text    ro code  0x00f58e   0x364  Public.o [1]
  .huge_func.text    ro code  0x00f8f2   0x32d  sys.o [1]
  .huge_func.text    ro code  0x00fc1f   0x32c  nblot.o [1]
  .huge_func.text    ro code  0x00ff4b   0x32c  Protocol_send.o [1]
  .huge_func.text    ro code  0x010277   0x26b  NewInactAngle.o [1]
  .huge_func.text    ro code  0x0104e2   0x25e  cdma.o [1]
  .huge_func.text    ro code  0x010740   0x25e  Cover.o [1]
  .huge_func.text    ro code  0x01099e   0x24c  iap_updata.o [1]
  .huge_func.text    ro code  0x010bea   0x230  nblot.o [1]
  .huge_func.text    ro code  0x010e1a   0x20f  cdma.o [1]
  .huge_func.text    ro code  0x011029   0x20b  nblot.o [1]
  .huge_func.text    ro code  0x011234   0x1af  qwl_net.o [1]
  .huge_func.text    ro code  0x0113e3   0x19d  Public.o [1]
  .huge_func.text    ro code  0x011580   0x182  Uploading_Pro.o [1]
  .huge_func.text    ro code  0x011702   0x173  DownLoad_Pro.o [1]
  .huge_func.text    ro code  0x011875   0x16a  lowpower.o [1]
  .huge_func.text    ro code  0x0119df   0x160  SA_Protocol.o [1]
  .huge_func.text    ro code  0x011b3f   0x131  cdma.o [1]
  .huge_func.text    ro code  0x011c70   0x126  g510.o [1]
  .huge_func.text    ro code  0x011d96   0x110  qwl_net.o [1]
  .huge_func.text    ro code  0x011ea6   0x10c  PostProDa.o [1]
  .huge_func.text    ro code  0x011fb2   0x10a  EEprom.o [1]
  .huge_func.text    ro code  0x0120bc   0x107  USART.o [1]
  .huge_func.text    ro code  0x0121c3   0x104  stm8l15x_itc.o [1]
  .huge_func.text    ro code  0x0122c7   0x103  FLASH_Queue.o [1]
  .huge_func.text    ro code  0x0123ca    0xe6  lowpower_spi.o [1]
  .huge_func.text    ro code  0x0124b0    0xe5  Cover.o [1]
  .huge_func.text    ro code  0x012595    0xdd  Protocol.o [1]
  .huge_func.text    ro code  0x012672    0xd8  main.o [1]
  .huge_func.text    ro code  0x01274a    0xd3  cdma.o [1]
  .huge_func.text    ro code  0x01281d    0xd2  Public.o [1]
  .huge_func.text    ro code  0x0128ef    0xd0  main.o [1]
  .huge_func.text    ro code  0x0129bf    0xca  xiaofang.o [1]
  .huge_func.text    ro code  0x012a89    0xbf  SA_Protocol.o [1]
  .huge_func.text    ro code  0x012b48    0xbe  stm8l15x_exti.o [1]
  .huge_func.text    ro code  0x012c06    0xbd  USART.o [1]
  .huge_func.text    ro code  0x012cc3    0xbb  IAP.o [1]
  .huge_func.text    ro code  0x012d7e    0xb6  iap_updata.o [1]
  .huge_func.text    ro code  0x012e34    0xb6  Public.o [1]
  .huge_func.text    ro code  0x012eea    0xa9  Protocol_wcdma.o [1]
  .huge_func.text    ro code  0x012f93    0xa7  LowPrcisionTime.o [1]
  .huge_func.text    ro code  0x01303a    0xa6  FLASH_Queue.o [1]
  .huge_func.text    ro code  0x0130e0    0xa6  rtc.o [1]
  .huge_func.text    ro code  0x013186    0xa5  Protocol.o [1]
  .huge_func.text    ro code  0x01322b    0xa5  Protocol.o [1]
  .huge_func.text    ro code  0x0132d0    0xa3  DownLoad_Pro.o [1]
  .huge_func.text    ro code  0x013373    0x9b  Public.o [1]
  .huge_func.text    ro code  0x01340e    0x9a  stm8l15x_rtc.o [1]
  .huge_func.text    ro code  0x0134a8    0x98  iap_updata.o [1]
  .huge_func.text    ro code  0x013540    0x96  PostProDa.o [1]
  .huge_func.text    ro code  0x0135d6    0x96  Protocol.o [1]
  .huge_func.text    ro code  0x01366c    0x91  DownLoad_Pro.o [1]
  .huge_func.text    ro code  0x0136fd    0x8d  stm8l15x_it.o [1]
  .huge_func.text    ro code  0x01378a    0x8a  FLASH_Queue.o [1]
  .huge_func.text    ro code  0x013814    0x8a  stm8l15x_rtc.o [1]
  .huge_func.text    ro code  0x01389e    0x88  USART.o [1]
  .huge_func.text    ro code  0x013926    0x86  stm8l15x_usart.o [1]
  .huge_func.text    ro code  0x0139ac    0x81  stm8l15x_clk.o [1]
  .huge_func.text    ro code  0x013a2d    0x7f  Uploading_Pro.o [1]
  .huge_func.text    ro code  0x013aac    0x7e  Protocol_wcdma.o [1]
  .huge_func.text    ro code  0x013b2a    0x7e  stm8l15x_it.o [1]
  .huge_func.text    ro code  0x013ba8    0x7d  LowPrcisionTime.o [1]
  .huge_func.text    ro code  0x013c25    0x7a  DownLoad.o [1]
  .huge_func.text    ro code  0x013c9f    0x7a  stm8l15x_usart.o [1]
  .huge_func.text    ro code  0x013d19    0x79  Protocol.o [1]
  .huge_func.text    ro code  0x013d92    0x76  stm8l15x_gpio.o [1]
  .huge_func.text    ro code  0x013e08    0x76  TimeOfAlarm.o [1]
  .huge_func.text    ro code  0x013e7e    0x74  hardwareSTM8L_SPI.o [1]
  .huge_func.text    ro code  0x013ef2    0x72  Protocol.o [1]
  .huge_func.text    ro code  0x013f64    0x71  PostProDa.o [1]
  .huge_func.text    ro code  0x013fd5    0x6f  stm8l15x_usart.o [1]
  .huge_func.text    ro code  0x014044    0x6d  BasicFunc.o [1]
  .huge_func.text    ro code  0x0140b1    0x6d  LowPrcisionTime.o [1]
  .huge_func.text    ro code  0x01411e    0x6d  SA_Protocol.o [1]
  .huge_func.text    ro code  0x01418b    0x6c  cdma.o [1]
  .huge_func.text    ro code  0x0141f7    0x6c  DownLoad.o [1]
  .huge_func.text    ro code  0x014263    0x6b  cdma.o [1]
  .huge_func.text    ro code  0x0142ce    0x6a  Protocol_wcdma.o [1]
  .huge_func.text    ro code  0x014338    0x6a  stm8l15x_dma.o [1]
  .huge_func.text    ro code  0x0143a2    0x69  lowpower_uart.o [1]
  .huge_func.text    ro code  0x01440b    0x67  PostProDa.o [1]
  .huge_func.text    ro code  0x014472    0x67  USART.o [1]
  .huge_func.text    ro code  0x0144d9    0x66  SA_Protocol.o [1]
  .huge_func.text    ro code  0x01453f    0x63  stm8l15x_clk.o [1]
  .huge_func.text    ro code  0x0145a2    0x62  Public.o [1]
  .huge_func.text    ro code  0x014604    0x61  lowpower_spi.o [1]
  .huge_func.text    ro code  0x014665    0x5f  lowpower_uart.o [1]
  .huge_func.text    ro code  0x0146c4    0x5e  PostProDa.o [1]
  .huge_func.text    ro code  0x014722    0x5e  Public.o [1]
  .huge_func.text    ro code  0x014780    0x5d  lowpower_spi.o [1]
  .huge_func.text    ro code  0x0147dd    0x5d  SA_Protocol.o [1]
  .huge_func.text    ro code  0x01483a    0x5a  lowpower_spi.o [1]
  .huge_func.text    ro code  0x014894    0x57  nblot.o [1]
  .huge_func.text    ro code  0x0148eb    0x57  Uploading_Pro.o [1]
  .huge_func.text    ro code  0x014942    0x56  stm8l15x_it.o [1]
  .huge_func.text    ro code  0x014998    0x56  stm8l15x_rtc.o [1]
  .huge_func.text    ro code  0x0149ee    0x55  PostProDa.o [1]
  .huge_func.text    ro code  0x014a43    0x55  rtc.o [1]
  .huge_func.text    ro code  0x014a98    0x55  USART.o [1]
  .huge_func.text    ro code  0x014aed    0x53  nblot.o [1]
  .huge_func.text    ro code  0x014b40    0x52  stm8l15x_it.o [1]
  .huge_func.text    ro code  0x014b92    0x52  stm8l15x_it.o [1]
  .huge_func.text    ro code  0x014be4    0x51  Protocol.o [1]
  .huge_func.text    ro code  0x014c35    0x50  stm8l15x_rtc.o [1]
  .huge_func.text    ro code  0x014c85    0x4f  Protocol.o [1]
  .huge_func.text    ro code  0x014cd4    0x4e  BasicFunc.o [1]
  .huge_func.text    ro code  0x014d22    0x4d  IAP.o [1]
  .huge_func.text    ro code  0x014d6f    0x4c  Flash.o [1]
  .huge_func.text    ro code  0x014dbb    0x4b  Public.o [1]
  .huge_func.text    ro code  0x014e06    0x4a  DownLoad.o [1]
  .huge_func.text    ro code  0x014e50    0x4a  stm8l15x_it.o [1]
  .huge_func.text    ro code  0x014e9a    0x48  BasicFunc.o [1]
  .huge_func.text    ro code  0x014ee2    0x47  PostProDa.o [1]
  .huge_func.text    ro code  0x014f29    0x46  Protocol.o [1]
  .huge_func.text    ro code  0x014f6f    0x45  USART.o [1]
  .huge_func.text    ro code  0x014fb4    0x42  api.o [1]
  .huge_func.text    ro code  0x014ff6    0x42  lowpower_uart.o [1]
  .huge_func.text    ro code  0x015038    0x41  main.o [1]
  .huge_func.text    ro code  0x015079    0x40  BasicFunc.o [1]
  .huge_func.text    ro code  0x0150b9    0x40  USART.o [1]
  .huge_func.text    ro code  0x0150f9    0x3f  DownLoad.o [1]
  .huge_func.text    ro code  0x015138    0x3e  lowpower.o [1]
  .huge_func.text    ro code  0x015176    0x3e  TimeOfAlarm.o [1]
  .huge_func.text    ro code  0x0151b4    0x3c  stm8l15x_rtc.o [1]
  .huge_func.text    ro code  0x0151f0    0x3b  Protocol.o [1]
  .huge_func.text    ro code  0x01522b    0x3b  TimeOfAlarm.o [1]
  .huge_func.text    ro code  0x015266    0x39  lowpower_uart.o [1]
  .huge_func.text    ro code  0x01529f    0x39  stm8l15x_clk.o [1]
  .huge_func.text    ro code  0x0152d8    0x36  SA_Protocol.o [1]
  .huge_func.text    ro code  0x01530e    0x36  stm8l15x_rtc.o [1]
  .huge_func.text    ro code  0x015344    0x35  Protocol.o [1]
  .huge_func.text    ro code  0x015379    0x35  SA_Protocol.o [1]
  .huge_func.text    ro code  0x0153ae    0x35  SA_Protocol.o [1]
  .huge_func.text    ro code  0x0153e3    0x35  SA_Protocol.o [1]
  .huge_func.text    ro code  0x015418    0x34  PostProDa.o [1]
  .huge_func.text    ro code  0x01544c    0x34  stm8l15x_it.o [1]
  .huge_func.text    ro code  0x015480    0x34  stm8l15x_spi.o [1]
  .huge_func.text    ro code  0x0154b4    0x33  Cover.o [1]
  .huge_func.text    ro code  0x0154e7    0x33  hardwareSTM8L_SPI.o [1]
  .huge_func.text    ro code  0x01551a    0x33  PostProDa.o [1]
  .huge_func.text    ro code  0x01554d    0x33  PostProDa.o [1]
  .huge_func.text    ro code  0x015580    0x32  BasicFunc.o [1]
  .huge_func.text    ro code  0x0155b2    0x32  Protocol.o [1]
  .huge_func.text    ro code  0x0155e4    0x32  Protocol.o [1]
  .huge_func.text    ro code  0x015616    0x32  qwl_net.o [1]
  .huge_func.text    ro code  0x015648    0x32  stm8l15x_it.o [1]
  .huge_func.text    ro code  0x01567a    0x31  Public.o [1]
  .huge_func.text    ro code  0x0156ab    0x30  ProtocolRecCallBack.o [1]
  .huge_func.text    ro code  0x0156db    0x30  stm8l15x_usart.o [1]
  .huge_func.text    ro code  0x01570b    0x2f  stm8l15x_rtc.o [1]
  .huge_func.text    ro code  0x01573a    0x2f  xiaofang.o [1]
  .huge_func.text    ro code  0x015769    0x2e  exitinterrupt.o [1]
  .huge_func.text    ro code  0x015797    0x2e  lowpower_spi.o [1]
  .huge_func.text    ro code  0x0157c5    0x2e  lowpower_uart.o [1]
  .huge_func.text    ro code  0x0157f3    0x2e  Timer.o [1]
  .huge_func.text    ro code  0x015821    0x2d  stm8l15x_it.o [1]
  .huge_func.text    ro code  0x01584e    0x2d  USART.o [1]
  .huge_func.text    ro code  0x01587b    0x2c  PostProDa.o [1]
  .huge_func.text    ro code  0x0158a7    0x2b  SA_Protocol.o [1]
  .huge_func.text    ro code  0x0158d2    0x2b  stm8l15x_dma.o [1]
  .huge_func.text    ro code  0x0158fd    0x2a  LowPrcisionTime.o [1]
  .huge_func.text    ro code  0x015927    0x2a  Protocol.o [1]
  .huge_func.text    ro code  0x015951    0x2a  Protocol.o [1]
  .huge_func.text    ro code  0x01597b    0x2a  qwl_net.o [1]
  .huge_func.text    ro code  0x0159a5    0x2a  Uploading_Pro.o [1]
  .huge_func.text    ro code  0x0159cf    0x28  BasicFunc.o [1]
  .huge_func.text    ro code  0x0159f7    0x28  BasicFunc.o [1]
  .huge_func.text    ro code  0x015a1f    0x28  Delay.o [1]
  .huge_func.text    ro code  0x015a47    0x27  BasicFunc.o [1]
  .huge_func.text    ro code  0x015a6e    0x27  FLASH_Queue.o [1]
  .huge_func.text    ro code  0x015a95    0x26  qwl_net.o [1]
  .huge_func.text    ro code  0x015abb    0x26  qwl_net.o [1]
  .huge_func.text    ro code  0x015ae1    0x26  USART.o [1]
  .huge_func.text    ro code  0x015b07    0x25  stm8l15x_it.o [1]
  .huge_func.text    ro code  0x015b2c    0x25  stm8l15x_it.o [1]
  .huge_func.text    ro code  0x015b51    0x24  api.o [1]
  .huge_func.text    ro code  0x015b75    0x24  USART.o [1]
  .huge_func.text    ro code  0x015b99    0x23  SA_Protocol.o [1]
  .huge_func.text    ro code  0x015bbc    0x23  SA_Protocol.o [1]
  .huge_func.text    ro code  0x015bdf    0x23  stm8l15x_rtc.o [1]
  .huge_func.text    ro code  0x015c02    0x23  stm8l15x_rtc.o [1]
  .huge_func.text    ro code  0x015c25    0x22  FLASH_Queue.o [1]
  .huge_func.text    ro code  0x015c47    0x22  PostProDa.o [1]
  .huge_func.text    ro code  0x015c69    0x22  sys.o [1]
  .huge_func.text    ro code  0x015c8b    0x21  NewInactAngle.o [1]
  .huge_func.text    ro code  0x015cac    0x21  USART.o [1]
  .huge_func.text    ro code  0x015ccd    0x20  Cover.o [1]
  .huge_func.text    ro code  0x015ced    0x20  lowpower_uart.o [1]
  .huge_func.text    ro code  0x015d0d    0x20  nblot.o [1]
  .huge_func.text    ro code  0x015d2d    0x20  qwl_net.o [1]
  .huge_func.text    ro code  0x015d4d    0x1f  cdma.o [1]
  .huge_func.text    ro code  0x015d6c    0x1f  lowpower_uart.o [1]
  .huge_func.text    ro code  0x015d8b    0x1f  Protocol_wcdma.o [1]
  .huge_func.text    ro code  0x015daa    0x1f  stm8l15x_rtc.o [1]
  .huge_func.text    ro code  0x015dc9    0x1f  USART.o [1]
  .huge_func.text    ro code  0x015de8    0x1e  FLASH_Queue.o [1]
  .huge_func.text    ro code  0x015e06    0x1e  LowPrcisionTime.o [1]
  .huge_func.text    ro code  0x015e24    0x1e  stm8l15x_usart.o [1]
  .huge_func.text    ro code  0x015e42    0x1d  stm8l15x_it.o [1]
  .huge_func.text    ro code  0x015e5f    0x1b  BasicFunc.o [1]
  .huge_func.text    ro code  0x015e7a    0x1b  BasicFunc.o [1]
  .huge_func.text    ro code  0x015e95    0x1b  EEprom.o [1]
  .huge_func.text    ro code  0x015eb0    0x1a  LowPrcisionTime.o [1]
  .huge_func.text    ro code  0x015eca    0x1a  qwl_net.o [1]
  .huge_func.text    ro code  0x015ee4    0x1a  watchdog.o [1]
  .huge_func.text    ro code  0x015efe    0x19  lowpower_spi.o [1]
  .huge_func.text    ro code  0x015f17    0x19  stm8l15x_flash.o [1]
  .huge_func.text    ro code  0x015f30    0x18  W25QXX.o [1]
  .huge_func.text    ro code  0x015f48    0x17  FLASH_Queue.o [1]
  .huge_func.text    ro code  0x015f5f    0x17  PostProDa.o [1]
  .huge_func.text    ro code  0x015f76    0x17  stm8l15x_rtc.o [1]
  .huge_func.text    ro code  0x015f8d    0x17  stm8l15x_spi.o [1]
  .huge_func.text    ro code  0x015fa4    0x17  xiaofang.o [1]
  .huge_func.text    ro code  0x015fbb    0x17  xiaofang.o [1]
  .huge_func.text    ro code  0x015fd2    0x16  lowpower_uart.o [1]
  .huge_func.text    ro code  0x015fe8    0x16  SA_Protocol.o [1]
  .huge_func.text    ro code  0x015ffe    0x16  stm8l15x_exti.o [1]
  .huge_func.text    ro code  0x016014    0x16  stm8l15x_exti.o [1]
  .huge_func.text    ro code  0x01602a    0x15  stm8l15x_gpio.o [1]
  .huge_func.text    ro code  0x01603f    0x15  stm8l15x_rtc.o [1]
  .huge_func.text    ro code  0x016054    0x15  USART.o [1]
  .huge_func.text    ro code  0x016069    0x14  LowPrcisionTime.o [1]
  .huge_func.text    ro code  0x01607d    0x14  NewInactAngle.o [1]
  .huge_func.text    ro code  0x016091    0x13  Protocol_wcdma.o [1]
  .huge_func.text    ro code  0x0160a4    0x13  stm8l15x_clk.o [1]
  .huge_func.text    ro code  0x0160b7    0x13  stm8l15x_rtc.o [1]
  .huge_func.text    ro code  0x0160ca    0x13  stm8l15x_spi.o [1]
  .huge_func.text    ro code  0x0160dd    0x13  stm8l15x_tim4.o [1]
  .huge_func.text    ro code  0x0160f0    0x13  stm8l15x_usart.o [1]
  .huge_func.text    ro code  0x016103    0x12  iap_updata.o [1]
  .huge_func.text    ro code  0x016115    0x12  iap_updata.o [1]
  .huge_func.text    ro code  0x016127    0x12  main.o [1]
  .huge_func.text    ro code  0x016139    0x12  stm8l15x_gpio.o [1]
  .huge_func.text    ro code  0x01614b    0x11  nblot.o [1]
  .huge_func.text    ro code  0x01615c    0x11  stm8l15x_rtc.o [1]
  .huge_func.text    ro code  0x01616d    0x11  stm8l15x_tim4.o [1]
  .huge_func.text    ro code  0x01617e    0x10  DownLoad.o [1]
  .huge_func.text    ro code  0x01618e    0x10  hardwareSTM8L_SPI.o [1]
  .huge_func.text    ro code  0x01619e    0x10  lowpower_uart.o [1]
  .huge_func.text    ro code  0x0161ae    0x10  PostProDa.o [1]
  .huge_func.text    ro code  0x0161be    0x10  Protocol.o [1]
  .huge_func.text    ro code  0x0161ce    0x10  SA_Protocol.o [1]
  .huge_func.text    ro code  0x0161de    0x10  stm8l15x_usart.o [1]
  .huge_func.text    ro code  0x0161ee     0xf  DownLoad.o [1]
  .huge_func.text    ro code  0x0161fd     0xf  LED.o [1]
  .huge_func.text    ro code  0x01620c     0xe  BasicFunc.o [1]
  .huge_func.text    ro code  0x01621a     0xe  stm8l15x_flash.o [1]
  .huge_func.text    ro code  0x016228     0xd  BasicFunc.o [1]
  .huge_func.text    ro code  0x016235     0xd  LED.o [1]
  .huge_func.text    ro code  0x016242     0xd  stm8l15x_clk.o [1]
  .huge_func.text    ro code  0x01624f     0xd  stm8l15x_dma.o [1]
  .huge_func.text    ro code  0x01625c     0xd  stm8l15x_gpio.o [1]
  .huge_func.text    ro code  0x016269     0xd  stm8l15x_gpio.o [1]
  .huge_func.text    ro code  0x016276     0xd  stm8l15x_tim4.o [1]
  .huge_func.text    ro code  0x016283     0xd  stm8l15x_tim4.o [1]
  .huge_func.text    ro code  0x016290     0xd  USART.o [1]
  .huge_func.text    ro code  0x01629d     0xc  BasicFunc.o [1]
  .huge_func.text    ro code  0x0162a9     0xc  iap_updata.o [1]
  .huge_func.text    ro code  0x0162b5     0xc  main.o [1]
  .huge_func.text    ro code  0x0162c1     0xc  USART.o [1]
  .huge_func.text    ro code  0x0162cd     0xb  lowpower_uart.o [1]
  .huge_func.text    ro code  0x0162d8     0xb  stm8l15x_flash.o [1]
  .huge_func.text    ro code  0x0162e3     0xa  BasicFunc.o [1]
  .huge_func.text    ro code  0x0162ed     0xa  stm8l15x_clk.o [1]
  .huge_func.text    ro code  0x0162f7     0xa  stm8l15x_rtc.o [1]
  .huge_func.text    ro code  0x016301     0x9  NewInactAngle.o [1]
  .huge_func.text    ro code  0x01630a     0x9  qwl_net.o [1]
  .huge_func.text    ro code  0x016313     0x8  sys.o [1]
  .huge_func.text    ro code  0x01631b     0x7  NewInactAngle.o [1]
  .huge_func.text    ro code  0x016322     0x7  stm8l15x_flash.o [1]
  .huge_func.text    ro code  0x016329     0x7  stm8l15x_gpio.o [1]
  .huge_func.text    ro code  0x016330     0x7  stm8l15x_gpio.o [1]
  .huge_func.text    ro code  0x016337     0x6  api.o [1]
  .huge_func.text    ro code  0x01633d     0x6  api.o [1]
  .huge_func.text    ro code  0x016343     0x6  api.o [1]
  .huge_func.text    ro code  0x016349     0x6  api.o [1]
  .huge_func.text    ro code  0x01634f     0x6  api.o [1]
  .huge_func.text    ro code  0x016355     0x6  api.o [1]
  .huge_func.text    ro code  0x01635b     0x6  LowPrcisionTime.o [1]
  .huge_func.text    ro code  0x016361     0x6  Public.o [1]
  .huge_func.text    ro code  0x016367     0x6  sys.o [1]
  .huge_func.text    ro code  0x01636d     0x5  cdma.o [1]
  .huge_func.text    ro code  0x016372     0x5  Cover.o [1]
  .huge_func.text    ro code  0x016377     0x5  Cover.o [1]
  .huge_func.text    ro code  0x01637c     0x5  NewInactAngle.o [1]
  .huge_func.text    ro code  0x016381     0x5  NewInactAngle.o [1]
  .huge_func.text    ro code  0x016386     0x5  NewInactAngle.o [1]
  .huge_func.text    ro code  0x01638b     0x5  NewInactAngle.o [1]
  .huge_func.text    ro code  0x016390     0x5  NewInactAngle.o [1]
  .huge_func.text    ro code  0x016395     0x5  NewInactAngle.o [1]
  .huge_func.text    ro code  0x01639a     0x5  stm8l15x_flash.o [1]
  .huge_func.text    ro code  0x01639f     0x5  stm8l15x_iwdg.o [1]
  .huge_func.text    ro code  0x0163a4     0x5  stm8l15x_iwdg.o [1]
  .huge_func.text    ro code  0x0163a9     0x5  stm8l15x_tim4.o [1]
  .huge_func.text    ro code  0x0163ae     0x5  stm8l15x_usart.o [1]
  .huge_func.text    ro code  0x0163b3     0x5  xiaofang.o [1]
  .huge_func.text    ro code  0x0163b8     0x4  api.o [1]
  .huge_func.text    ro code  0x0163bc     0x4  api.o [1]
  .huge_func.text    ro code  0x0163c0     0x4  api.o [1]
  .huge_func.text    ro code  0x0163c4     0x4  api.o [1]
  .huge_func.text    ro code  0x0163c8     0x4  api.o [1]
  .huge_func.text    ro code  0x0163cc     0x4  api.o [1]
  .huge_func.text    ro code  0x0163d0     0x4  api.o [1]
  .huge_func.text    ro code  0x0163d4     0x4  api.o [1]
  .huge_func.text    ro code  0x0163d8     0x4  api.o [1]
  .huge_func.text    ro code  0x0163dc     0x4  api.o [1]
  .huge_func.text    ro code  0x0163e0     0x4  api.o [1]
  .huge_func.text    ro code  0x0163e4     0x4  Cover.o [1]
  .huge_func.text    ro code  0x0163e8     0x4  g510.o [1]
  .huge_func.text    ro code  0x0163ec     0x4  NewInactAngle.o [1]
  .huge_func.text    ro code  0x0163f0     0x4  NewInactAngle.o [1]
  .huge_func.text    ro code  0x0163f4     0x4  SA_Protocol.o [1]
  .huge_func.text    ro code  0x0163f8     0x4  stm8l15x_clk.o [1]
  .huge_func.text    ro code  0x0163fc     0x4  stm8l15x_gpio.o [1]
  .huge_func.text    ro code  0x016400     0x4  stm8l15x_iwdg.o [1]
  .huge_func.text    ro code  0x016404     0x4  stm8l15x_iwdg.o [1]
  .huge_func.text    ro code  0x016408     0x4  stm8l15x_iwdg.o [1]
  .huge_func.text    ro code  0x01640c     0x4  sys.o [1]
  .huge_func.text    ro code  0x016410     0x4  watchdog.o [1]
  .huge_func.text    ro code  0x016414     0x3  stm8l15x_usart.o [1]
  .huge_func.text    ro code  0x016417     0x3  stm8l15x_usart.o [1]
  .huge_func.text    ro code  0x01641a     0x2  api.o [1]
  .huge_func.text    ro code  0x01641c     0x2  stm8l15x_it.o [1]
  .huge_func.text    ro code  0x01641e     0x2  stm8l15x_it.o [1]
  .huge_func.text    ro code  0x016420     0x2  stm8l15x_it.o [1]
  .huge_func.text    ro code  0x016422     0x2  stm8l15x_it.o [1]
  .huge_func.text    ro code  0x016424     0x2  stm8l15x_it.o [1]
  .huge_func.text    ro code  0x016426     0x2  stm8l15x_it.o [1]
  .huge_func.text    ro code  0x016428     0x2  stm8l15x_it.o [1]
  .huge_func.text    ro code  0x01642a     0x2  stm8l15x_it.o [1]
  .huge_func.text    ro code  0x01642c     0x2  stm8l15x_it.o [1]
  .huge_func.text    ro code  0x01642e     0x2  stm8l15x_it.o [1]
  .huge_func.text    ro code  0x016430     0x2  stm8l15x_it.o [1]
  .huge_func.text    ro code  0x016432     0x2  stm8l15x_it.o [1]
  .huge_func.text    ro code  0x016434     0x2  stm8l15x_it.o [1]
  .huge_func.text    ro code  0x016436     0x2  stm8l15x_it.o [1]
  .huge_func.text    ro code  0x016438     0x2  stm8l15x_it.o [1]
  .huge_func.text    ro code  0x01643a     0x2  stm8l15x_it.o [1]
  .huge_func.text    ro code  0x01643c     0x2  stm8l15x_it.o [1]
  .huge_func.text    ro code  0x01643e     0x2  stm8l15x_it.o [1]
  .huge_func.text    ro code  0x016440     0x2  stm8l15x_it.o [1]
  .huge_func.text    ro code  0x016442     0x1  BasicFunc.o [1]
  .huge_func.text    ro code  0x016443     0x1  USART.o [1]
  .huge_func.text    ro code  0x016444     0x1  USART.o [1]
                            - 0x016445  0x8e71


*******************************************************************************
*** INIT TABLE
***

          Address   Size
          -------   ----
Zero (__iar_zero_init2)
    1 destination range, total size 0x998:
          0x0003b0  0x998

Copy (__iar_copy_init2)
    1 source range, total size 0x1a9:
          0x00a080  0x1a9
    1 destination range, total size 0x1a9:
          0x000010  0x1a9



*******************************************************************************
*** MODULE SUMMARY
***

    Module                  ro code  ro data  rw data
    ------                  -------  -------  -------
E:\魔豆资料\智能消防\智能消防闷盖\程序\IAP\STM8API\Project\Debug\Obj: [1]
    BasicFunc.o                 596
    Cover.o                     932      298        5
    Delay.o                      40
    DownLoad.o                  398
    DownLoad_Pro.o              679        9        2
    EEprom.o                    293        4
    FLASH_Queue.o               689       30       56
    Flash.o                      76
    IAP.o                       264                74
    LED.o                        28
    LowPrcisionTime.o           525                 4
    NewInactAngle.o             726      149       15
    PostProDa.o               1 155       46        1
    Pressure.o                                      8
    Protocol.o                2 684      440       71
    ProtocolRecCallBack.o        48
    Protocol_send.o             812       91       19
    Protocol_wcdma.o            451             1 372
    Public.o                  2 150      482        6
    Radar_And_Ultrasonic.o                          3
    SA_Protocol.o             2 118      491       63
    TimeOfAlarm.o               239                 9
    Timer.o                      46
    USART.o                   1 140       60       85
    Uploading_Pro.o             642      141       11
    W25QXX.o                  1 077       29
    api.o                       184
    cdma.o                    1 900      527       22
    data.o                                 1        2
    exitinterrupt.o              46
    g510.o                    2 328      727      102
    hardwareSTM8L_SPI.o         183
    iap_updata.o                970       54       10
    lowpower.o                  424
    lowpower_spi.o            2 579       93
    lowpower_uart.o             481               410
    main.o                      519      109
    nblot.o                   3 046      775       72
    qwl_net.o                   938      146      212
    rtc.o                       251       19
    stm8l15x_clk.o              331        5
    stm8l15x_dma.o              162
    stm8l15x_exti.o             234
    stm8l15x_flash.o             62
    stm8l15x_gpio.o             201
    stm8l15x_it.o               879      105        1
    stm8l15x_itc.o              260
    stm8l15x_iwdg.o              22
    stm8l15x_rtc.o              810
    stm8l15x_spi.o               94
    stm8l15x_tim4.o              67
    stm8l15x_usart.o            491
    sys.o                       865    1 118      140
    watchdog.o                   30
    xiaofang.o                  300       30       38
    -------------------------------------------------
    Total:                   36 465    5 979    2 813

command line: [2]
    -------------------------------------------------
    Total:

dbgstm8mmd.a: [3]
    __dbg_break.o                 1
    __dbg_xxexit.o               22
    -------------------------------------------------
    Total:                       23

dlstm8mmn.a: [4]
    abs.o                        11
    atan.o                      165
    atexit.o                      7
    cexit.o                      10
    char.o                       62
    cppinit.o                   173        2        9
    cstartup.o                   23
    dc_util.o                    88
    errno.o                                         2
    exit.o                        4
    far.o                        10
    far_util.o                  118
    float.o                   1 122
    float_libsup.o              386
    getzone.o                     4        2
    init.o                       30
    init_small.o                 70
    interrupt.o                          128
    isdigit.o                    16
    localtim.o                  285                12
    long.o                      573
    long_util.o                 124
    low_level_init.o              3
    memchr.o                     24
    memcpy.o                     38
    memset.o                     23
    move.o                       55
    setlocale.o                            5       10
    short.o                     128
    sqrt.o                      269
    strchr.o                     21
    strlen.o                     18
    strrchr.o                    25
    unhandled_exception.o         3
    vreg_util.o                 540
    vregs.o                                        16
    xatan.o                     257       32
    xgetdst.o                   446
    xgetmemchunk.o               25                 2
    xgettime.o                  108
    xisdst.o                    529        3       11
    xstol.o                     208
    xstoul.o                    480       74
    xttotm.o                    490       48       25
    xxmemxfree.o                221
    xxmemxmalloc.o              272                 4
    -------------------------------------------------
    Total:                    7 464      294       91

    Linker created                        20    1 072
-----------------------------------------------------
    Grand Total:             43 952    6 293    3 976


*******************************************************************************
*** ENTRY LIST
***

Entry                    Address   Size  Type      Object
-----                    -------   ----  ----      ------
.iar.dynexit$$Base      0x0002c9          --   Gb  - Linker created -
.iar.dynexit$$Limit     0x0003b0          --   Gb  - Linker created -
.iar.init_table$$Base   0x00a6ce          --   Gb  - Linker created -
.iar.init_table$$Limit  0x00a6e2          --   Gb  - Linker created -
?add32_l0_l0_0x         0x00bd27         Code  Gb  long.o [4]
?add32_l0_l0_l1         0x00bd24         Code  Gb  long.o [4]
?and32_l0_l0_0x         0x00bee2         Code  Gb  long.o [4]
?and32_l0_l0_l1         0x00bedf         Code  Gb  long.o [4]
?b0                     0x000000         Data  Gb  vregs.o [4]
?b1                     0x000001         Data  Gb  vregs.o [4]
?b10                    0x00000a         Data  Gb  vregs.o [4]
?b11                    0x00000b         Data  Gb  vregs.o [4]
?b12                    0x00000c         Data  Gb  vregs.o [4]
?b13                    0x00000d         Data  Gb  vregs.o [4]
?b14                    0x00000e         Data  Gb  vregs.o [4]
?b15                    0x00000f         Data  Gb  vregs.o [4]
?b2                     0x000002         Data  Gb  vregs.o [4]
?b3                     0x000003         Data  Gb  vregs.o [4]
?b4                     0x000004         Data  Gb  vregs.o [4]
?b5                     0x000005         Data  Gb  vregs.o [4]
?b6                     0x000006         Data  Gb  vregs.o [4]
?b7                     0x000007         Data  Gb  vregs.o [4]
?b8                     0x000008         Data  Gb  vregs.o [4]
?b9                     0x000009         Data  Gb  vregs.o [4]
?dc32_l0                0x00d222         Code  Gb  dc_util.o [4]
?dc32_l1                0x00d24e         Code  Gb  dc_util.o [4]
?e0                     0x000001         Data  Gb  vregs.o [4]
?e1                     0x000005         Data  Gb  vregs.o [4]
?e2                     0x000009         Data  Gb  vregs.o [4]
?e3                     0x00000d         Data  Gb  vregs.o [4]
?epilogue_l2            0x00c07c         Code  Gb  vreg_util.o [4]
?epilogue_l2_l3         0x00c078         Code  Gb  vreg_util.o [4]
?epilogue_l2_w6         0x00c081         Code  Gb  vreg_util.o [4]
?epilogue_w4            0x00c08a         Code  Gb  vreg_util.o [4]
?fadd32_l0_l0_0x        0x00b8b9         Code  Gb  float.o [4]
?fadd32_l0_l0_dc32      0x00b8b3         Code  Gb  float.o [4]
?fadd32_l0_l0_l1        0x00b8bc         Code  Gb  float.o [4]
?fcastf32s16_l0_x       0x00bb4d         Code  Gb  float.o [4]
?fcastf32s32_l0_l0      0x00bba5         Code  Gb  float.o [4]
?fcasts16f32_x_l0       0x00bb70         Code  Gb  float.o [4]
?fcmpge32_c_l0_0x       0x00baec         Code  Gb  float.o [4]
?fcmpge32_c_l0_dc32     0x00bae5         Code  Gb  float.o [4]
?fcmpge32_c_l0_l1       0x00bae9         Code  Gb  float.o [4]
?fcmplt32_c_l0_0x       0x00baf7         Code  Gb  float.o [4]
?fcmplt32_c_l0_dc32     0x00baf0         Code  Gb  float.o [4]
?fcmplt32_c_l0_l1       0x00baf4         Code  Gb  float.o [4]
?fdiv32_l0_dc32_l1      0x00ba2b         Code  Gb  float.o [4]
?fdiv32_l0_l0_dc32      0x00ba31         Code  Gb  float.o [4]
?fdiv32_l0_l0_l1        0x00ba37         Code  Gb  float.o [4]
?fmul32_l0_l0_dc32      0x00b98a         Code  Gb  float.o [4]
?fmul32_l0_l0_l1        0x00b990         Code  Gb  float.o [4]
?inc32_0x_0x            0x00bd16         Code  Gb  long.o [4]
?inc32_l0_l0            0x00bd07         Code  Gb  long.o [4]
?inc32_l1_l1            0x00bd0c         Code  Gb  long.o [4]
?inc32_l2_l2            0x00bd11         Code  Gb  long.o [4]
?l0                     0x000000         Data  Gb  vregs.o [4]
?l1                     0x000004         Data  Gb  vregs.o [4]
?l2                     0x000008         Data  Gb  vregs.o [4]
?l3                     0x00000c         Data  Gb  vregs.o [4]
?load24_0x_e0           0x00d0a4         Code  Gb  far_util.o [4]
?load24_0x_e1           0x00d0b2         Code  Gb  far_util.o [4]
?load24_0x_e2           0x00d0c0         Code  Gb  far_util.o [4]
?load24_0x_e3           0x00d0ce         Code  Gb  far_util.o [4]
?load24_e0_0x           0x00d070         Code  Gb  far_util.o [4]
?load24_e0_xsp          0x00d066         Code  Gb  far_util.o [4]
?load24_e1_0x           0x00d088         Code  Gb  far_util.o [4]
?load24_e1_xsp          0x00d07e         Code  Gb  far_util.o [4]
?load24_e2_0x           0x00d096         Code  Gb  far_util.o [4]
?load32_0x_l0           0x00d040         Code  Gb  long_util.o [4]
?load32_0x_l2           0x00d058         Code  Gb  long_util.o [4]
?load32_l0_0x           0x00d004         Code  Gb  long_util.o [4]
?load32_l0_asp          0x00cff8         Code  Gb  long_util.o [4]
?load32_l0_dbsp         0x00cfea         Code  Gb  long_util.o [4]
?load32_l0_xsp          0x00cffa         Code  Gb  long_util.o [4]
?load32_l1_0x           0x00d02a         Code  Gb  long_util.o [4]
?load32_l1_asp          0x00d01e         Code  Gb  long_util.o [4]
?load32_l1_dbsp         0x00d010         Code  Gb  long_util.o [4]
?load32_l1_xsp          0x00d020         Code  Gb  long_util.o [4]
?load32_xsp_l0          0x00d036         Code  Gb  long_util.o [4]
?load32_xsp_l2          0x00d04e         Code  Gb  long_util.o [4]
?longfarg16_v_w0_a      0x00d3ab         Code  Gb  move.o [4]
?longfarg16_v_w0_x      0x00d3ad         Code  Gb  move.o [4]
?mov_e0_e1              0x00c0d1         Code  Gb  vreg_util.o [4]
?mov_e0_e2              0x00c0de         Code  Gb  vreg_util.o [4]
?mov_e0_e3              0x00c0eb         Code  Gb  vreg_util.o [4]
?mov_e1_e0              0x00c0f8         Code  Gb  vreg_util.o [4]
?mov_e1_e2              0x00c105         Code  Gb  vreg_util.o [4]
?mov_e1_e3              0x00c112         Code  Gb  vreg_util.o [4]
?mov_e2_e0              0x00c11f         Code  Gb  vreg_util.o [4]
?mov_e2_e1              0x00c12c         Code  Gb  vreg_util.o [4]
?mov_e3_e0              0x00c139         Code  Gb  vreg_util.o [4]
?mov_e3_e1              0x00c146         Code  Gb  vreg_util.o [4]
?mov_l0_l1              0x00c0ce         Code  Gb  vreg_util.o [4]
?mov_l0_l2              0x00c0db         Code  Gb  vreg_util.o [4]
?mov_l0_l3              0x00c0e8         Code  Gb  vreg_util.o [4]
?mov_l1_l0              0x00c0f5         Code  Gb  vreg_util.o [4]
?mov_l1_l2              0x00c102         Code  Gb  vreg_util.o [4]
?mov_l1_l3              0x00c10f         Code  Gb  vreg_util.o [4]
?mov_l2_l0              0x00c11c         Code  Gb  vreg_util.o [4]
?mov_l2_l1              0x00c129         Code  Gb  vreg_util.o [4]
?mov_l3_l0              0x00c136         Code  Gb  vreg_util.o [4]
?mov_l3_l1              0x00c143         Code  Gb  vreg_util.o [4]
?mov_w0_w4              0x00c08f         Code  Gb  vreg_util.o [4]
?mov_w0_w5              0x00c096         Code  Gb  vreg_util.o [4]
?mov_w1_w0              0x00c09d         Code  Gb  vreg_util.o [4]
?mov_w1_w3              0x00c0d4         Code  Gb  vreg_util.o [4]
?mov_w1_w5              0x00c0e1         Code  Gb  vreg_util.o [4]
?mov_w1_w7              0x00c0ee         Code  Gb  vreg_util.o [4]
?mov_w2_w0              0x00c0a4         Code  Gb  vreg_util.o [4]
?mov_w2_w1              0x00c0ab         Code  Gb  vreg_util.o [4]
?mov_w3_w1              0x00c0fb         Code  Gb  vreg_util.o [4]
?mov_w3_w5              0x00c108         Code  Gb  vreg_util.o [4]
?mov_w3_w7              0x00c115         Code  Gb  vreg_util.o [4]
?mov_w4_w0              0x00c0b2         Code  Gb  vreg_util.o [4]
?mov_w4_w1              0x00c0b9         Code  Gb  vreg_util.o [4]
?mov_w5_w0              0x00c0c0         Code  Gb  vreg_util.o [4]
?mov_w5_w1              0x00c122         Code  Gb  vreg_util.o [4]
?mov_w5_w3              0x00c12f         Code  Gb  vreg_util.o [4]
?mov_w7_w0              0x00c0c7         Code  Gb  vreg_util.o [4]
?mov_w7_w1              0x00c13c         Code  Gb  vreg_util.o [4]
?mov_w7_w3              0x00c149         Code  Gb  vreg_util.o [4]
?move1616_v_x_y_a       0x00d39e         Code  Gb  move.o [4]
?move1616_v_x_y_tos16   0x00d38c         Code  Gb  move.o [4]
?mul16_x_x_w0           0x00cf6a         Code  Gb  short.o [4]
?mul32_l0_l0_0x         0x00bd5a         Code  Gb  long.o [4]
?mul32_l0_l0_l1         0x00bd63         Code  Gb  long.o [4]
?neg32_l0_l0            0x00bcf7         Code  Gb  long.o [4]
?pop_e2                 0x00bfde         Code  Gb  vreg_util.o [4]
?pop_e3                 0x00bfed         Code  Gb  vreg_util.o [4]
?pop_l0                 0x00c040         Code  Gb  vreg_util.o [4]
?pop_l1                 0x00c04b         Code  Gb  vreg_util.o [4]
?pop_l2                 0x00c056         Code  Gb  vreg_util.o [4]
?pop_l3                 0x00c061         Code  Gb  vreg_util.o [4]
?pop_w4                 0x00bf69         Code  Gb  vreg_util.o [4]
[...]
Timer50msCount          0x000d0b    0x2  Data  Gb  LowPrcisionTime.o [1]
TwocharToInt            0x0162e3    0xa  Code  Gb  BasicFunc.o [1]
USART1_IRQHandler       0x015dc9   0x1f  Code  Gb  USART.o [1]
USART1_Init             0x0120e6   0x7a  Code  Lc  USART.o [1]
USART1_RX_IRQHandler    0x014942   0x56  Code  Gb  stm8l15x_it.o [1]
USART1_TX_IRQHandler    0x01643e    0x2  Code  Gb  stm8l15x_it.o [1]
USART1_sendchar         0x015616   0x17  Code  Gb  qwl_net.o [1]
USART2_IRQHandler       0x016444    0x1  Code  Gb  USART.o [1]
USART2_Init             0x012160    0x1  Code  Lc  USART.o [1]
USART3_IRQHandler       0x014472   0x67  Code  Gb  USART.o [1]
USART3_Init             0x012161   0x62  Code  Lc  USART.o [1]
USART3_RX_IRQHandler    0x013b2a   0x7e  Code  Gb  stm8l15x_it.o [1]
USART3_TX_IRQHandler    0x016436    0x2  Code  Gb  stm8l15x_it.o [1]
USART3_sendchar         0x01562d   0x17  Code  Gb  qwl_net.o [1]
USART_ClearFlag         0x0163ae    0x5  Code  Gb  stm8l15x_usart.o [1]
USART_ClearITPendingBit
                        0x0160f0   0x13  Code  Gb  stm8l15x_usart.o [1]
USART_Cmd               0x0161de   0x10  Code  Gb  stm8l15x_usart.o [1]
USART_DeInit            0x0156db   0x30  Code  Gb  stm8l15x_usart.o [1]
USART_GetFlagStatus     0x015e24   0x1e  Code  Gb  stm8l15x_usart.o [1]
USART_GetITStatus       0x013c9f   0x7a  Code  Gb  stm8l15x_usart.o [1]
USART_ITConfig          0x013fd5   0x6f  Code  Gb  stm8l15x_usart.o [1]
USART_Init              0x013926   0x86  Code  Gb  stm8l15x_usart.o [1]
USART_ReceiveData8      0x016414    0x3  Code  Gb  stm8l15x_usart.o [1]
USART_SendData8         0x016417    0x3  Code  Gb  stm8l15x_usart.o [1]
Uart2_FIFO_Full_Flag    0x000d42    0x1  Data  Gb  Radar_And_Ultrasonic.o [1]
UartComInit             0x014f6f   0x45  Code  Lc  USART.o [1]
UartStruct_Init         0x01389e   0x88  Code  Lc  USART.o [1]
Uart_Init               0x015b75   0x24  Code  Gb  USART.o [1]
Uploading_Pro           0x011580  0x182  Code  Gb  Uploading_Pro.o [1]
Uploading_Send_12       0x01281d   0xd2  Code  Gb  Public.o [1]
Uploading_Send_50       0x0159a5   0x2a  Code  Lc  Uploading_Pro.o [1]
Uploading_Send_F8       0x0148eb   0x57  Code  Lc  Uploading_Pro.o [1]
Usart3_RcvClr           0x015ced   0x20  Code  Gb  lowpower_uart.o [1]
UsartReciveFlag         0x015266   0x39  Code  Gb  lowpower_uart.o [1]
Usart_RcvClr            0x0157c5   0x2e  Code  Gb  lowpower_uart.o [1]
Usart_SendString        0x014ff6   0x42  Code  Gb  lowpower_uart.o [1]
W25QXX_ChipBlockErase   0x00ebc5   0x90  Code  Gb  W25QXX.o [1]
W25QXX_ChipErase        0x00ec55   0x76  Code  Gb  W25QXX.o [1]
W25QXX_EXIT_LWP         0x00ee5f    0x4  Code  Gb  W25QXX.o [1]
W25QXX_GetStatus        0x00eaae   0x2a  Code  Gb  W25QXX.o [1]
W25QXX_HighSpeedReadData
                        0x00eb22   0xa3  Code  Gb  W25QXX.o [1]
W25QXX_Init             0x00ea46   0x36  Code  Gb  W25QXX.o [1]
W25QXX_LWP              0x00ee4f   0x10  Code  Gb  W25QXX.o [1]
W25QXX_PageProgram      0x00eccb   0x95  Code  Gb  W25QXX.o [1]
W25QXX_PowerDown        0x00ede2   0x1f  Code  Gb  W25QXX.o [1]
W25QXX_PowerDownIOConfig
                        0x00ee01   0x4e  Code  Gb  W25QXX.o [1]
W25QXX_ReadID           0x00ead8   0x4a  Code  Gb  W25QXX.o [1]
W25QXX_Test             0x00ea7c   0x32  Code  Gb  W25QXX.o [1]
W25QXX_WAKEUP           0x015f30   0x18  Code  Gb  W25QXX.o [1]
W25QXX_Write_NoCheck    0x00ed60   0x82  Code  Gb  W25QXX.o [1]
Watchdog_Feed           0x016410    0x4  Code  Gb  watchdog.o [1]
Watchdog_INIT           0x015ee4   0x1a  Code  Gb  watchdog.o [1]
WaterDetection_Service  0x0124b0   0xe5  Code  Gb  Cover.o [1]
Write_sys_keydata       0x01200e   0x2b  Code  Gb  EEprom.o [1]
Write_sys_keydata_totalcount
                        0x0120af    0xd  Code  Gb  EEprom.o [1]
XiaoFang_Analyse        0x0129bf   0xca  Code  Gb  xiaofang.o [1]
XiaoFang_ClearRtcWakeFlag
                        0x0163b3    0x5  Code  Gb  xiaofang.o [1]
XiaoFang_ClsAnalyseState
                        0x015fa4   0x17  Code  Gb  xiaofang.o [1]
XiaoFang_Interrupt_Init
                        0x015fbb   0x17  Code  Gb  xiaofang.o [1]
XiaoFang_IsDvalueWithinRange
                        0x01573a   0x2f  Code  Gb  xiaofang.o [1]
_Getdst                 0x00c827  0x15d  Code  Gb  xgetdst.o [4]
_Gettime                0x00d14c   0x6c  Code  Gb  xgettime.o [4]
_IsdstStr               0x0001b4    0x2  Data  Gb  setlocale.o [4]
_Isdst_olddst           0x000d27    0x2  Data  Lc  xisdst.o [4]
_Isdst_rules            0x000d29    0x2  Data  Lc  xisdst.o [4]
_Localtime_oldzone      0x000d21    0x2  Data  Lc  localtim.o [4]
_Localtime_tzoff        0x000cf1    0x4  Data  Lc  localtim.o [4]
_Ttotm_ts               0x000c08   0x16  Data  Lc  xttotm.o [4]
_Tzoff                  0x00cb92   0xee  Code  Gb  localtim.o [4]
_TzoneStr               0x0001b2    0x2  Data  Gb  setlocale.o [4]
__DebugBreak            0x00d5d3    0x1  Code  Gb  __dbg_break.o [3]
__call_dtors            0x00d21d    0x5  Code  Gb  cppinit.o [4]
__cstart_call_dtors     0x00d583         Code  Gb  cexit.o [4]
__cxa_atexit            0x00d30b   0x43  Code  Gb  cppinit.o [4]
__cxa_finalize          0x00d1b8   0x65  Code  Gb  cppinit.o [4]
__exit                  0x00d4fe   0x16  Code  Gb  __dbg_xxexit.o [3]
__getzone               0x00d5c9    0x4  Code  Gb  getzone.o [4]
__iar_Atan              0x00ca91  0x101  Code  Gb  xatan.o [4]
__iar_Atexit            0x00d5be    0x7  Code  Gb  atexit.o [4]
__iar_Daysto32          0x00d2c6   0x45  Code  Gb  xttotm.o [4]
__iar_Dnorm             0x00c6c5         Code  Gb  float_libsup.o [4]
__iar_Dscale            0x00c753         Code  Gb  float_libsup.o [4]
__iar_Dtest             0x00c6a5         Code  Gb  float_libsup.o [4]
__iar_Dunscale          0x00c701         Code  Gb  float_libsup.o [4]
__iar_Errno             0x000d23    0x2  Data  Gb  errno.o [4]
__iar_Isdst32           0x00c330  0x1dc  Code  Gb  xisdst.o [4]
__iar_Memchr            0x00d4b8   0x18  Code  Gb  memchr.o [4]
__iar_Stolx             0x00cd5d   0xd0  Code  Gb  xstol.o [4]
__iar_Stoulx            0x00c150  0x1e0  Code  Gb  xstoul.o [4]
__iar_Strchr            0x00d514   0x15  Code  Gb  strchr.o [4]
__iar_Strrchr           0x00d486   0x19  Code  Gb  strrchr.o [4]
__iar_Tls_dtor__Isdst_rules
                        0x00d5b7    0x7  Code  Lc  xisdst.o [4]
__iar_Tls_once__Isdst_rules
                        0x000d47    0x1  Data  Lc  xisdst.o [4]
__iar_Tls_setup__IsdstStr
                        0x000cfe    0x3  Data  Gb  setlocale.o [4]
__iar_Tls_setup__Isdst_olddst
                        0x000d04    0x3  Data  Lc  xisdst.o [4]
__iar_Tls_setup__Isdst_rules
                        0x0001b6    0x3  Data  Lc  xisdst.o [4]
__iar_Tls_setup__Localtime_oldzone
                        0x000cf5    0x3  Data  Lc  localtim.o [4]
__iar_Tls_setup__Localtime_tzoff
                        0x000cf8    0x3  Data  Lc  localtim.o [4]
__iar_Tls_setup__Ttotm_ts
                        0x000d01    0x3  Data  Lc  xttotm.o [4]
__iar_Tls_setup__TzoneStr
                        0x000cfb    0x3  Data  Gb  setlocale.o [4]
__iar_Tls_setupx__Isdst_rules
                        0x00d46a   0x1c  Code  Lc  xisdst.o [4]
__iar_Ttotm32           0x00c50c  0x199  Code  Gb  xttotm.o [4]
__iar_copy_init2        0x00d3c3         Code  Gb  init_small.o [4]
__iar_data_init2        0x00d411   0x1e  Code  Gb  init.o [4]
__iar_program_start     0x00d4d0         Code  Gb  cstartup.o [4]
__iar_unhandled_exception
                        0x00d5d0         Code  Gb  unhandled_exception.o [4]
__iar_zero_init2        0x00d42f         Code  Gb  init_small.o [4]
__intvec                0x00a000         Data  Gb  interrupt.o [4]
__localtime32           0x00d44d   0x1d  Code  Gb  localtim.o [4]
__low_level_init        0x00d5cd    0x3  Code  Gb  low_level_init.o [4]
__near_Aldata           0x000ced    0x4  Data  Gb  xxmemxmalloc.o [4]
__near_GetMemChunk      0x00d49f   0x19  Code  Gb  xgetmemchunk.o [4]
__near_findmem          0x00d0dc   0x70  Code  Lc  xxmemxmalloc.o [4]
_exit                   0x00d582         Code  Gb  cexit.o [4]
_gProtocol              0x000c32   0x14  Data  Lc  Protocol_wcdma.o [1]
_gProtocolFun           0x000ba2   0x46  Data  Lc  Protocol.o [1]
_gProtocol_info         0x00a448   0x30  Data  Gb  Protocol.o [1]
_gProtocol_info1        0x00a3c4   0x50  Data  Gb  Protocol.o [1]
_gRxMessageBuffer       0x0003b0  0x320  Data  Lc  Protocol_wcdma.o [1]
_gTimerLinkerHeader     0x000d0d    0x2  Data  Gb  LowPrcisionTime.o [1]
_gTxMessageBuffer       0x0006d0  0x226  Data  Lc  Protocol_wcdma.o [1]
_gUTypeToFunArr         0x00018f    0x9  Data  Lc  USART.o [1]
_gUartComArr            0x00015c   0x33  Data  Lc  USART.o [1]
_gUartStruct            0x000d0f    0x2  Data  Lc  Protocol_wcdma.o [1]
_gUartStuct             0x000c68    0xf  Data  Lc  USART.o [1]
_gUartStuctBaseFun      0x000c99    0xa  Data  Lc  USART.o [1]
_gUpdateVal             0x000c8f    0xa  Data  Lc  iap_updata.o [1]
_guf                    0x000d3a    0x1  Data  Gb  Protocol.o [1]
_interrupt_1            0x01641e         Code  Gb  stm8l15x_it.o [1]
_interrupt_10           0x015e42         Code  Gb  stm8l15x_it.o [1]
_interrupt_11           0x015b07         Code  Gb  stm8l15x_it.o [1]
_interrupt_12           0x01544c         Code  Gb  stm8l15x_it.o [1]
_interrupt_13           0x014e50         Code  Gb  stm8l15x_it.o [1]
_interrupt_14           0x01642a         Code  Gb  stm8l15x_it.o [1]
_interrupt_15           0x015b2c         Code  Gb  stm8l15x_it.o [1]
_interrupt_16           0x015821         Code  Gb  stm8l15x_it.o [1]
_interrupt_17           0x01642c         Code  Gb  stm8l15x_it.o [1]
_interrupt_18           0x01642e         Code  Gb  stm8l15x_it.o [1]
_interrupt_19           0x016430         Code  Gb  stm8l15x_it.o [1]
_interrupt_2            0x01641c         Code  Gb  stm8l15x_it.o [1]
_interrupt_20           0x016432         Code  Gb  stm8l15x_it.o [1]
_interrupt_21           0x016434         Code  Gb  stm8l15x_it.o [1]
_interrupt_22           0x015648         Code  Gb  stm8l15x_it.o [1]
_interrupt_23           0x016436         Code  Gb  stm8l15x_it.o [1]
_interrupt_24           0x013b2a         Code  Gb  stm8l15x_it.o [1]
_interrupt_25           0x016438         Code  Gb  stm8l15x_it.o [1]
_interrupt_26           0x01643a         Code  Gb  stm8l15x_it.o [1]
_interrupt_27           0x0136fd         Code  Gb  stm8l15x_it.o [1]
_interrupt_28           0x01643c         Code  Gb  stm8l15x_it.o [1]
_interrupt_29           0x01643e         Code  Gb  stm8l15x_it.o [1]
_interrupt_3            0x016420         Code  Gb  stm8l15x_it.o [1]
_interrupt_30           0x014942         Code  Gb  stm8l15x_it.o [1]
_interrupt_31           0x016440         Code  Gb  stm8l15x_it.o [1]
_interrupt_4            0x016422         Code  Gb  stm8l15x_it.o [1]
_interrupt_5            0x014b40         Code  Gb  stm8l15x_it.o [1]
_interrupt_6            0x014b92         Code  Gb  stm8l15x_it.o [1]
_interrupt_7            0x016424         Code  Gb  stm8l15x_it.o [1]
_interrupt_8            0x016426         Code  Gb  stm8l15x_it.o [1]
_interrupt_9            0x016428         Code  Gb  stm8l15x_it.o [1]
a                       0x00a722   0x20  Data  Lc  xatan.o [4]
abs                     0x00d563    0xb  Code  Gb  abs.o [4]
ack_protocol_config_array
                        0x0000a8   0x25  Data  Gb  SA_Protocol.o [1]
adxl362_int2_enable     0x015769   0x2e  Code  Gb  exitinterrupt.o [1]
adxl362_io_config       0x015797   0x2e  Code  Gb  lowpower_spi.o [1]
adxl362_reset           0x015efe   0x19  Code  Gb  lowpower_spi.o [1]
adxl362_spi_config      0x01483a   0x5a  Code  Gb  lowpower_spi.o [1]
alarmer_uart3_send_byte
                        0x015d6c    0x9  Code  Gb  lowpower_uart.o [1]
alarmtime_all           0x000ca3    0x9  Data  Gb  TimeOfAlarm.o [1]
asc2hex                 0x015a47   0x27  Code  Gb  BasicFunc.o [1]
atan                    0x00ce2d   0xa5  Code  Gb  atan.o [4]
cdma_RESET_flag         0x000d2b    0x1  Data  Gb  cdma.o [1]
cdma_init               0x010e1a  0x20f  Code  Gb  cdma.o [1]
cdma_open_GPRS          0x0104e2  0x25e  Code  Gb  cdma.o [1]
cdma_or_nblot           0x011234  0x1af  Code  Gb  qwl_net.o [1]
cdma_reconnect          0x01274a   0xd3  Code  Gb  cdma.o [1]
cdma_send               0x011b3f  0x131  Code  Gb  cdma.o [1]
channel_en_bit          0x000ce5    0x4  Data  Gb  Public.o [1]
chk_LcdMode_chksum      0x015079   0x40  Code  Gb  BasicFunc.o [1]
chk_post_chksum         0x014044   0x6d  Code  Gb  BasicFunc.o [1]
clear_RTCTime           0x013e08   0x12  Code  Gb  TimeOfAlarm.o [1]
clear_SystemBuf         0x01636d    0x5  Code  Gb  cdma.o [1]
connect_flag            0x000d3e    0x1  Data  Gb  qwl_net.o [1]
deal_process            0x000d41    0x1  Data  Gb  qwl_net.o [1]
debug_send              0x015d75   0x16  Code  Gb  lowpower_uart.o [1]
debug_send_no_end       0x0162cd    0xb  Code  Gb  lowpower_uart.o [1]
digits                  0x00a5f8   0x25  Data  Lc  xstoul.o [4]
exit                    0x00d5c5    0x4  Code  Gb  exit.o [4]
free                    0x00cc80   0xdd  Code  Gb  xxmemxfree.o [4]
g_flag                  0x000d2c    0x1  Data  Gb  cdma.o [1]
gaFlashBuff             0x000be8   0x20  Data  Gb  FLASH_Queue.o [1]
getPINFO                0x015951   0x2a  Code  Gb  Protocol.o [1]
getPINFO_BC95           0x015927   0x2a  Code  Gb  Protocol.o [1]
get_angle_X             0x00e53e   0x52  Code  Gb  lowpower_spi.o [1]
get_angle_Z             0x00e513   0x2b  Code  Gb  lowpower_spi.o [1]
getint                  0x00d27a   0x4c  Code  Lc  xgetdst.o [4]
heart_send_flag         0x000d45    0x1  Data  Gb  sys.o [1]
heart_timecount         0x000d17    0x2  Data  Gb  sys.o [1]
heartsend_Onehour       0x016361    0x6  Code  Gb  Public.o [1]
hi_hex2asc              0x016228    0xd  Code  Gb  BasicFunc.o [1]
horse_race_lamp         0x0161fd    0xf  Code  Gb  LED.o [1]
iap_data                0x000b58   0x4a  Data  Gb  IAP.o [1]
isdigit                 0x00d53b   0x10  Code  Gb  isdigit.o [4]
link_send               0x01008d  0x13e  Code  Gb  Protocol_send.o [1]
link_send_POST          0x01007b   0x12  Code  Gb  Protocol_send.o [1]
lmos                    0x00a97c   0x18  Data  Lc  xttotm.o [4]
low_hex2asc             0x01629d    0xc  Code  Gb  BasicFunc.o [1]
main                    0x0128ef   0xd0  Code  Gb  main.o [1]
malloc                  0x00ced2   0x98  Code  Gb  xxmemxmalloc.o [4]
memcpy                  0x00d3eb   0x26  Code  Gb  memcpy.o [4]
memset                  0x00d4e7   0x17  Code  Gb  memset.o [4]
mos                     0x00a994   0x18  Data  Lc  xttotm.o [4]
nblot_NCDP              0x00008c    0x9  Data  Gb  nblot.o [1]
nblot_NMGS              0x00009f    0x9  Data  Gb  nblot.o [1]
nblot_NNMI              0x000095    0xa  Data  Gb  nblot.o [1]
nblot_RESET_flag        0x000d36    0x1  Data  Gb  nblot.o [1]
nblot_TP_GPRS           0x014aed   0x53  Code  Gb  nblot.o [1]
nblot_init              0x00fc1f  0x32c  Code  Gb  nblot.o [1]
nblot_init_0            0x01614b   0x11  Code  Gb  nblot.o [1]
nblot_open_GPRS         0x010bea  0x230  Code  Gb  nblot.o [1]
nblot_or_cdma_flag      0x000d3f    0x1  Data  Gb  qwl_net.o [1]
nblot_read              0x015d0d   0x20  Code  Gb  nblot.o [1]
nblot_read_flag         0x000d33    0x1  Data  Gb  nblot.o [1]
nblot_read_flag1        0x000d34    0x1  Data  Gb  nblot.o [1]
nblot_read_flag1_delay  0x000d35    0x1  Data  Gb  nblot.o [1]
nblot_rec               0x014894   0x57  Code  Gb  nblot.o [1]
nblot_rec_flag          0x000d32    0x1  Data  Gb  nblot.o [1]
nblot_reconnect         0x00ee63  0x3a4  Code  Gb  nblot.o [1]
nblot_send              0x011029  0x20b  Code  Gb  nblot.o [1]
ndigs                   0x00a61d   0x25  Data  Lc  xstoul.o [4]
net                     0x000cdc    0x5  Data  Gb  qwl_net.o [1]
net_data_send           0x010249   0x2e  Code  Gb  Protocol_send.o [1]
net_data_send_delay     0x010230   0x19  Code  Gb  Protocol_send.o [1]
net_data_send_init      0x0101cb   0x65  Code  Gb  Protocol_send.o [1]
net_error_flag          0x000d40    0x1  Data  Gb  qwl_net.o [1]
net_rec                 0x01597b   0x2a  Code  Gb  qwl_net.o [1]
net_send                0x015d2d   0x20  Code  Gb  qwl_net.o [1]
net_state               0x011d96  0x110  Code  Gb  qwl_net.o [1]
next_abi_dtor_rec       0x0001b0    0x2  Data  Lc  cppinit.o [4]
pack_heat               0x0113e3  0x19d  Code  Gb  Public.o [1]
pack_updata             0x012e34   0xb6  Code  Gb  Public.o [1]
platform_soft_version   0x000d1f    0x2  Data  Gb  Uploading_Pro.o [1]
post_data_rec_delay     0x013a2d   0x7f  Code  Gb  Uploading_Pro.o [1]
printNum2Str            0x00e02f  0x1c3  Code  Gb  lowpower_spi.o [1]
printNumStr             0x00de61   0xff  Code  Gb  lowpower_spi.o [1]
printU32to2Str          0x00fb58   0xb0  Code  Gb  sys.o [1]
printUNum2Str           0x00df60   0xcf  Code  Gb  lowpower_spi.o [1]
print_config_correct_with_chinese
                        0x015379   0x35  Code  Gb  SA_Protocol.o [1]
print_config_err_with_chinese
                        0x0153ae   0x35  Code  Gb  SA_Protocol.o [1]
protocol_config_array   0x00b6c0    0x9  Data  Gb  SA_Protocol.o [1]
qwl_net_init            0x015abb   0x26  Code  Gb  qwl_net.o [1]
qwl_net_s_deal          0x01630a    0x9  Code  Gb  qwl_net.o [1]
qwl_net_sendchar        0x015644    0x4  Code  Gb  qwl_net.o [1]
qwl_net_sendstring      0x015a95   0x26  Code  Gb  qwl_net.o [1]
qwl_net_sendstring1     0x015eca   0x1a  Code  Gb  qwl_net.o [1]
qwl_sendchar            0x0163e8    0x4  Code  Gb  g510.o [1]
qwl_sendstring          0x00d5d4    0x4  Code  Gb  g510.o [1]
result_u16              0x0000cd   0x16  Data  Gb  SA_Protocol.o [1]
send_NSORF_flag         0x000d3d    0x1  Data  Gb  qwl_net.o [1]
sqrt                    0x00c984  0x10d  Code  Gb  sqrt.o [4]
strlen                  0x00d529   0x12  Code  Gb  strlen.o [4]
strrchr                 0x0163f4    0x4  Code  Gb  SA_Protocol.o [1]
strsearch_h             0x01418b   0x6c  Code  Gb  cdma.o [1]
struCoverControl        0x000d09    0x2  Data  Gb  Cover.o [1]
struFLASH_Queue         0x000c77    0xc  Data  Gb  FLASH_Queue.o [1]
struFLASH_QueueBuckup   0x000c83    0xc  Data  Gb  FLASH_Queue.o [1]
struNewInactAngleControl
                        0x000c59    0xf  Data  Gb  NewInactAngle.o [1]
struPressureAData       0x000cb5    0x8  Data  Gb  Pressure.o [1]
struXiaoFangAlarmTimes  0x000cc4    0x7  Data  Gb  xiaofang.o [1]
struXiaoFangTimes       0x000cbd    0x7  Data  Gb  xiaofang.o [1]
sysFunState             0x000d44    0x1  Data  Gb  sys.o [1]
sysFunTimecount         0x000d15    0x2  Data  Gb  sys.o [1]
sys_overtime_count      0x000d1b    0x2  Data  Gb  sys.o [1]
sys_restart             0x0161ce   0x10  Code  Gb  SA_Protocol.o [1]
task_schedule_timecount
                        0x000d1d    0x2  Data  Gb  sys.o [1]
timer4Init              0x015813    0xe  Code  Gb  Timer.o [1]
twoascii2byte           0x015e7a   0x1b  Code  Gb  BasicFunc.o [1]
uart1_init              0x014665   0x5f  Code  Gb  lowpower_uart.o [1]
uart2_disable           0x01619e   0x10  Code  Gb  lowpower_uart.o [1]
uart3_init              0x0143a2   0x69  Code  Gb  lowpower_uart.o [1]
uniAlarm                0x000d07    0x2  Data  Gb  Cover.o [1]
upgrade_init            0x016127   0x12  Code  Gb  main.o [1]
upload_link_send        0x010014   0x67  Code  Gb  Protocol_send.o [1]
upload_link_send_POST   0x00ff4b   0x40  Code  Gb  Protocol_send.o [1]
usart3Info              0x0008f6  0x19a  Data  Gb  lowpower_uart.o [1]
waitforconfig_timecount
                        0x000d19    0x2  Data  Gb  sys.o [1]


[1] = E:\魔豆资料\智能消防\智能消防闷盖\程序\IAP\STM8API\Project\Debug\Obj
[2] = command line
[3] = dbgstm8mmd.a
[4] = dlstm8mmn.a

  43 952 bytes of readonly  code memory
   6 293 bytes of readonly  data memory
   3 976 bytes of readwrite data memory

Errors: none
Warnings: none
